Renesas Optimizing Linker (W2.07.00 )             24-Oct-2018 11:47:34

*** Options ***

-noprelink
-subcommand=LinkerSubCommand.tmp
-input=".\src\CTSUa.obj"
-input=".\src\Registers.obj"
-input=".\src\TouchSensorFirmware.obj"
-input=".\src/smc_gen/Config_CMT0\Config_CMT0.obj"
-input=".\src/smc_gen/Config_CMT0\Config_CMT0_user.obj"
-input=".\src/smc_gen/Config_SCI6\Config_SCI6.obj"
-input=".\src/smc_gen/Config_SCI6\Config_SCI6_user.obj"
-input=".\src/smc_gen/general\r_cg_hardware_setup.obj"
-input=".\src/smc_gen/general\r_smc_cgc.obj"
-input=".\src/smc_gen/general\r_smc_cgc_user.obj"
-input=".\src/smc_gen/general\r_smc_interrupt.obj"
-input=".\src/smc_gen/r_bsp/board/generic_rx130\dbsct.obj"
-input=".\src/smc_gen/r_bsp/board/generic_rx130\hwsetup.obj"
-input=".\src/smc_gen/r_bsp/board/generic_rx130\lowlvl.obj"
-input=".\src/smc_gen/r_bsp/board/generic_rx130\lowsrc.obj"
-input=".\src/smc_gen/r_bsp/board/generic_rx130\resetprg.obj"
-input=".\src/smc_gen/r_bsp/board/generic_rx130\sbrk.obj"
-input=".\src/smc_gen/r_bsp/board/generic_rx130\vecttbl.obj"
-input=".\src/smc_gen/r_bsp/mcu/all\r_bsp_common.obj"
-input=".\src/smc_gen/r_bsp/mcu/rx130\cpu.obj"
-input=".\src/smc_gen/r_bsp/mcu/rx130\locking.obj"
-input=".\src/smc_gen/r_bsp/mcu/rx130\mcu_clocks.obj"
-input=".\src/smc_gen/r_bsp/mcu/rx130\mcu_init.obj"
-input=".\src/smc_gen/r_bsp/mcu/rx130\mcu_interrupts.obj"
-input=".\src/smc_gen/r_bsp/mcu/rx130\mcu_locks.obj"
-input=".\src/smc_gen/r_pincfg\Pin.obj"
-library=".\TouchSensorFirmware.lib"
-start=SU,SI,B_1,R_1,B_2,R_2,B,R/04,C_1,C_2,C,C$*,D*,W*,L,P*/0FFFF0000,FIXEDVECT/0FFFFFF80
-output=TouchSensorFirmware.abs
-form=absolute
-nomessage
-vect=_undefined_interrupt_source_isr
-list=TouchSensorFirmware.map
-nooptimize
-rom=D=R,D_1=R_1,D_2=R_2
-nologo

*** Error information ***

*** Mapping List ***

SECTION                            START      END         SIZE   ALIGN
SU
                                  00000004  00000403       400   4
SI
                                  00000404  00000503       100   4
B_1
                                  00000504  0000052f        2c   1
R_1
                                  00000530  00000580        51   1
B_2
                                  00000582  00000911       390   2
R_2
                                  00000912  00000919         8   2
B
                                  0000091c  00000e9b       580   4
R
                                  00000e9c  00000f97        fc   4
C_1
                                  ffff0000  ffff0000         0   1
C_2
                                  ffff0000  ffff0007         8   2
C
                                  ffff0008  ffff007f        78   4
C$DSEC
                                  ffff0080  ffff00a3        24   4
C$BSEC
                                  ffff00a4  ffff00bb        18   4
C$VECT
                                  ffff00bc  ffff04bb       400   4
D
                                  ffff04bc  ffff05b7        fc   4
D_2
                                  ffff05b8  ffff05bf         8   2
D_1
                                  ffff05c0  ffff0610        51   1
W
                                  ffff0611  ffff0611         0   1
W_1
                                  ffff0611  ffff0611         0   1
W_2
                                  ffff0611  ffff0611         0   1
L
                                  ffff0614  ffff0659        46   4
P
                                  ffff065a  ffff216c      1b13   1
FIXEDVECT
                                  ffffff80  ffffffff        80   4
