20:58:26 **** Incremental Build of configuration Debug for project hello ****
make pre-build main-build 
a9-linaro-pre-build-step
' '
'Building file: ../src/helloworld.c'
'Invoking: ARM v7 gcc compiler'
arm-none-eabi-gcc -Wall -O0 -g3 -c -fmessage-length=0 -MT"src/helloworld.o" -mcpu=cortex-a9 -mfpu=vfpv3 -mfloat-abi=hard -I../../hello_bsp/ps7_cortexa9_0/include -MMD -MP -MF"src/helloworld.d" -MT"src/helloworld.o" -o "src/helloworld.o" "../src/helloworld.c"
../src/helloworld.c: In function 'main':
../src/helloworld.c:92:6: warning: variable 'status' set but not used [-Wunused-but-set-variable]
  int status;
      ^~~~~~
../src/helloworld.c:88:54: warning: unused variable 'sumcount' [-Wunused-variable]
  u32 i, j, freq, upDown, addr, temp[10], sum1, sum2, sumcount = 0;
                                                      ^~~~~~~~
../src/helloworld.c:88:32: warning: unused variable 'temp' [-Wunused-variable]
  u32 i, j, freq, upDown, addr, temp[10], sum1, sum2, sumcount = 0;
                                ^~~~
../src/helloworld.c:88:26: warning: unused variable 'addr' [-Wunused-variable]
  u32 i, j, freq, upDown, addr, temp[10], sum1, sum2, sumcount = 0;
                          ^~~~
../src/helloworld.c:88:18: warning: variable 'upDown' set but not used [-Wunused-but-set-variable]
  u32 i, j, freq, upDown, addr, temp[10], sum1, sum2, sumcount = 0;
                  ^~~~~~
'Finished building: ../src/helloworld.c'
' '
'Building target: hello.elf'
'Invoking: ARM v7 gcc linker'
arm-none-eabi-gcc -mcpu=cortex-a9 -mfpu=vfpv3 -mfloat-abi=hard -Wl,-build-id=none -specs=Xilinx.spec -Wl,-T -Wl,../src/lscript.ld -L../../hello_bsp/ps7_cortexa9_0/lib -o "hello.elf"  ./src/fingering.o ./src/helloworld.o ./src/platform.o   -lm -Wl,--start-group,-lxil,-lgcc,-lc,--end-group
'Finished building target: hello.elf'
' '
'Invoking: ARM v7 Print Size'
arm-none-eabi-size hello.elf  |tee "hello.elf.size"
   text	   data	    bss	    dec	    hex	filename
  39856	   1200	520024216	520065272	1eff90f8	hello.elf
'Finished building: hello.elf.size'
' '
21:03:44 **** Incremental Build of configuration Debug for project hello ****
make pre-build main-build 
a9-linaro-pre-build-step
' '
make: `main-build' に対して行うべき事はありません.
21:08:17 **** Incremental Build of configuration Debug for project hello ****
make pre-build main-build 
a9-linaro-pre-build-step
' '
'Building file: ../src/helloworld.c'
'Invoking: ARM v7 gcc compiler'
arm-none-eabi-gcc -Wall -O0 -g3 -c -fmessage-length=0 -MT"src/helloworld.o" -mcpu=cortex-a9 -mfpu=vfpv3 -mfloat-abi=hard -I../../hello_bsp/ps7_cortexa9_0/include -MMD -MP -MF"src/helloworld.d" -MT"src/helloworld.o" -o "src/helloworld.o" "../src/helloworld.c"
../src/helloworld.c: In function 'main':
../src/helloworld.c:92:6: warning: variable 'status' set but not used [-Wunused-but-set-variable]
  int status;
      ^~~~~~
../src/helloworld.c:88:54: warning: unused variable 'sumcount' [-Wunused-variable]
  u32 i, j, freq, upDown, addr, temp[10], sum1, sum2, sumcount = 0;
                                                      ^~~~~~~~
../src/helloworld.c:88:32: warning: unused variable 'temp' [-Wunused-variable]
  u32 i, j, freq, upDown, addr, temp[10], sum1, sum2, sumcount = 0;
                                ^~~~
../src/helloworld.c:88:26: warning: unused variable 'addr' [-Wunused-variable]
  u32 i, j, freq, upDown, addr, temp[10], sum1, sum2, sumcount = 0;
                          ^~~~
../src/helloworld.c:88:18: warning: variable 'upDown' set but not used [-Wunused-but-set-variable]
  u32 i, j, freq, upDown, addr, temp[10], sum1, sum2, sumcount = 0;
                  ^~~~~~
'Finished building: ../src/helloworld.c'
' '
'Building target: hello.elf'
'Invoking: ARM v7 gcc linker'
arm-none-eabi-gcc -mcpu=cortex-a9 -mfpu=vfpv3 -mfloat-abi=hard -Wl,-build-id=none -specs=Xilinx.spec -Wl,-T -Wl,../src/lscript.ld -L../../hello_bsp/ps7_cortexa9_0/lib -o "hello.elf"  ./src/fingering.o ./src/helloworld.o ./src/platform.o   -lm -Wl,--start-group,-lxil,-lgcc,-lc,--end-group
'Finished building target: hello.elf'
' '
'Invoking: ARM v7 Print Size'
arm-none-eabi-size hello.elf  |tee "hello.elf.size"
   text	   data	    bss	    dec	    hex	filename
  39832	   1200	520024216	520065248	1eff90e0	hello.elf
'Finished building: hello.elf.size'
' '
21:08:30 **** Incremental Build of configuration Debug for project hello ****
make pre-build main-build 
a9-linaro-pre-build-step
' '
make: `main-build' に対して行うべき事はありません.
21:13:25 **** Incremental Build of configuration Debug for project hello ****
make pre-build main-build 
a9-linaro-pre-build-step
' '
make: `main-build' に対して行うべき事はありません.
21:15:17 **** Incremental Build of configuration Debug for project hello ****
make pre-build main-build 
a9-linaro-pre-build-step
' '
'Building file: ../src/fingering.c'
'Invoking: ARM v7 gcc compiler'
arm-none-eabi-gcc -Wall -O0 -g3 -c -fmessage-length=0 -MT"src/fingering.o" -mcpu=cortex-a9 -mfpu=vfpv3 -mfloat-abi=hard -I../../hello_bsp/ps7_cortexa9_0/include -MMD -MP -MF"src/fingering.d" -MT"src/fingering.o" -o "src/fingering.o" "../src/fingering.c"
'Finished building: ../src/fingering.c'
' '
'Building target: hello.elf'
'Invoking: ARM v7 gcc linker'
arm-none-eabi-gcc -mcpu=cortex-a9 -mfpu=vfpv3 -mfloat-abi=hard -Wl,-build-id=none -specs=Xilinx.spec -Wl,-T -Wl,../src/lscript.ld -L../../hello_bsp/ps7_cortexa9_0/lib -o "hello.elf"  ./src/fingering.o ./src/helloworld.o ./src/platform.o   -lm -Wl,--start-group,-lxil,-lgcc,-lc,--end-group
'Finished building target: hello.elf'
' '
'Invoking: ARM v7 Print Size'
arm-none-eabi-size hello.elf  |tee "hello.elf.size"
   text	   data	    bss	    dec	    hex	filename
  39792	   1200	520024216	520065208	1eff90b8	hello.elf
'Finished building: hello.elf.size'
' '
21:16:04 **** Incremental Build of configuration Debug for project hello ****
make pre-build main-build 
a9-linaro-pre-build-step
' '
make: `main-build' に対して行うべき事はありません.
21:17:47 **** Incremental Build of configuration Debug for project hello ****
make pre-build main-build 
a9-linaro-pre-build-step
' '
'Building file: ../src/fingering.c'
'Invoking: ARM v7 gcc compiler'
arm-none-eabi-gcc -Wall -O0 -g3 -c -fmessage-length=0 -MT"src/fingering.o" -mcpu=cortex-a9 -mfpu=vfpv3 -mfloat-abi=hard -I../../hello_bsp/ps7_cortexa9_0/include -MMD -MP -MF"src/fingering.d" -MT"src/fingering.o" -o "src/fingering.o" "../src/fingering.c"
../src/fingering.c: In function 'SetSensorData':
../src/fingering.c:21:11: warning: unused variable 'k' [-Wunused-variable]
  u8 i, j, k, data1st, data2nd, dataIndex = 0;
           ^
'Finished building: ../src/fingering.c'
' '
'Building target: hello.elf'
'Invoking: ARM v7 gcc linker'
arm-none-eabi-gcc -mcpu=cortex-a9 -mfpu=vfpv3 -mfloat-abi=hard -Wl,-build-id=none -specs=Xilinx.spec -Wl,-T -Wl,../src/lscript.ld -L../../hello_bsp/ps7_cortexa9_0/lib -o "hello.elf"  ./src/fingering.o ./src/helloworld.o ./src/platform.o   -lm -Wl,--start-group,-lxil,-lgcc,-lc,--end-group
'Finished building target: hello.elf'
' '
'Invoking: ARM v7 Print Size'
arm-none-eabi-size hello.elf  |tee "hello.elf.size"
   text	   data	    bss	    dec	    hex	filename
  39792	   1200	520024216	520065208	1eff90b8	hello.elf
'Finished building: hello.elf.size'
' '
21:20:56 **** Incremental Build of configuration Debug for project hello ****
make pre-build main-build 
a9-linaro-pre-build-step
' '
'Building file: ../src/fingering.c'
'Invoking: ARM v7 gcc compiler'
arm-none-eabi-gcc -Wall -O0 -g3 -c -fmessage-length=0 -MT"src/fingering.o" -mcpu=cortex-a9 -mfpu=vfpv3 -mfloat-abi=hard -I../../hello_bsp/ps7_cortexa9_0/include -MMD -MP -MF"src/fingering.d" -MT"src/fingering.o" -o "src/fingering.o" "../src/fingering.c"
../src/fingering.c: In function 'SetSensorData':
../src/fingering.c:21:11: warning: unused variable 'k' [-Wunused-variable]
  u8 i, j, k, data1st, data2nd, dataIndex = 0;
           ^
'Finished building: ../src/fingering.c'
' '
'Building target: hello.elf'
'Invoking: ARM v7 gcc linker'
arm-none-eabi-gcc -mcpu=cortex-a9 -mfpu=vfpv3 -mfloat-abi=hard -Wl,-build-id=none -specs=Xilinx.spec -Wl,-T -Wl,../src/lscript.ld -L../../hello_bsp/ps7_cortexa9_0/lib -o "hello.elf"  ./src/fingering.o ./src/helloworld.o ./src/platform.o   -lm -Wl,--start-group,-lxil,-lgcc,-lc,--end-group
'Finished building target: hello.elf'
' '
'Invoking: ARM v7 Print Size'
arm-none-eabi-size hello.elf  |tee "hello.elf.size"
   text	   data	    bss	    dec	    hex	filename
  39848	   1200	520024216	520065264	1eff90f0	hello.elf
'Finished building: hello.elf.size'
' '
21:21:53 **** Incremental Build of configuration Debug for project hello ****
make pre-build main-build 
a9-linaro-pre-build-step
' '
make: `main-build' に対して行うべき事はありません.
21:23:36 **** Incremental Build of configuration Debug for project hello ****
make pre-build main-build 
a9-linaro-pre-build-step
' '
'Building file: ../src/fingering.c'
'Invoking: ARM v7 gcc compiler'
arm-none-eabi-gcc -Wall -O0 -g3 -c -fmessage-length=0 -MT"src/fingering.o" -mcpu=cortex-a9 -mfpu=vfpv3 -mfloat-abi=hard -I../../hello_bsp/ps7_cortexa9_0/include -MMD -MP -MF"src/fingering.d" -MT"src/fingering.o" -o "src/fingering.o" "../src/fingering.c"
../src/fingering.c: In function 'SetSensorData':
../src/fingering.c:21:11: warning: unused variable 'k' [-Wunused-variable]
  u8 i, j, k, data1st, data2nd, dataIndex = 0;
           ^
'Finished building: ../src/fingering.c'
' '
'Building target: hello.elf'
'Invoking: ARM v7 gcc linker'
arm-none-eabi-gcc -mcpu=cortex-a9 -mfpu=vfpv3 -mfloat-abi=hard -Wl,-build-id=none -specs=Xilinx.spec -Wl,-T -Wl,../src/lscript.ld -L../../hello_bsp/ps7_cortexa9_0/lib -o "hello.elf"  ./src/fingering.o ./src/helloworld.o ./src/platform.o   -lm -Wl,--start-group,-lxil,-lgcc,-lc,--end-group
'Finished building target: hello.elf'
' '
'Invoking: ARM v7 Print Size'
arm-none-eabi-size hello.elf  |tee "hello.elf.size"
   text	   data	    bss	    dec	    hex	filename
  40488	   1200	520024216	520065904	1eff9370	hello.elf
'Finished building: hello.elf.size'
' '
21:33:08 **** Incremental Build of configuration Debug for project hello ****
make pre-build main-build 
a9-linaro-pre-build-step
' '
'Building file: ../src/fingering.c'
'Invoking: ARM v7 gcc compiler'
arm-none-eabi-gcc -Wall -O0 -g3 -c -fmessage-length=0 -MT"src/fingering.o" -mcpu=cortex-a9 -mfpu=vfpv3 -mfloat-abi=hard -I../../hello_bsp/ps7_cortexa9_0/include -MMD -MP -MF"src/fingering.d" -MT"src/fingering.o" -o "src/fingering.o" "../src/fingering.c"
../src/fingering.c: In function 'SetSensorData':
../src/fingering.c:21:11: warning: unused variable 'k' [-Wunused-variable]
  u8 i, j, k, data1st, data2nd, dataIndex = 0;
           ^
'Finished building: ../src/fingering.c'
' '
'Building file: ../src/helloworld.c'
'Invoking: ARM v7 gcc compiler'
arm-none-eabi-gcc -Wall -O0 -g3 -c -fmessage-length=0 -MT"src/helloworld.o" -mcpu=cortex-a9 -mfpu=vfpv3 -mfloat-abi=hard -I../../hello_bsp/ps7_cortexa9_0/include -MMD -MP -MF"src/helloworld.d" -MT"src/helloworld.o" -o "src/helloworld.o" "../src/helloworld.c"
../src/helloworld.c: In function 'main':
../src/helloworld.c:92:6: warning: variable 'status' set but not used [-Wunused-but-set-variable]
  int status;
      ^~~~~~
../src/helloworld.c:88:54: warning: unused variable 'sumcount' [-Wunused-variable]
  u32 i, j, freq, upDown, addr, temp[10], sum1, sum2, sumcount = 0;
                                                      ^~~~~~~~
../src/helloworld.c:88:48: warning: unused variable 'sum2' [-Wunused-variable]
  u32 i, j, freq, upDown, addr, temp[10], sum1, sum2, sumcount = 0;
                                                ^~~~
../src/helloworld.c:88:42: warning: unused variable 'sum1' [-Wunused-variable]
  u32 i, j, freq, upDown, addr, temp[10], sum1, sum2, sumcount = 0;
                                          ^~~~
../src/helloworld.c:88:32: warning: unused variable 'temp' [-Wunused-variable]
  u32 i, j, freq, upDown, addr, temp[10], sum1, sum2, sumcount = 0;
                                ^~~~
../src/helloworld.c:88:26: warning: unused variable 'addr' [-Wunused-variable]
  u32 i, j, freq, upDown, addr, temp[10], sum1, sum2, sumcount = 0;
                          ^~~~
../src/helloworld.c:88:18: warning: variable 'upDown' set but not used [-Wunused-but-set-variable]
  u32 i, j, freq, upDown, addr, temp[10], sum1, sum2, sumcount = 0;
                  ^~~~~~
../src/helloworld.c:88:9: warning: unused variable 'j' [-Wunused-variable]
  u32 i, j, freq, upDown, addr, temp[10], sum1, sum2, sumcount = 0;
         ^
'Finished building: ../src/helloworld.c'
' '
'Building target: hello.elf'
'Invoking: ARM v7 gcc linker'
arm-none-eabi-gcc -mcpu=cortex-a9 -mfpu=vfpv3 -mfloat-abi=hard -Wl,-build-id=none -specs=Xilinx.spec -Wl,-T -Wl,../src/lscript.ld -L../../hello_bsp/ps7_cortexa9_0/lib -o "hello.elf"  ./src/fingering.o ./src/helloworld.o ./src/platform.o   -lm -Wl,--start-group,-lxil,-lgcc,-lc,--end-group
'Finished building target: hello.elf'
' '
'Invoking: ARM v7 Print Size'
arm-none-eabi-size hello.elf  |tee "hello.elf.size"
   text	   data	    bss	    dec	    hex	filename
  90440	   2636	520024976	520118052	1f005f24	hello.elf
'Finished building: hello.elf.size'
' '
21:34:30 **** Incremental Build of configuration Debug for project hello ****
make pre-build main-build 
a9-linaro-pre-build-step
' '
'Building file: ../src/helloworld.c'
'Invoking: ARM v7 gcc compiler'
arm-none-eabi-gcc -Wall -O0 -g3 -c -fmessage-length=0 -MT"src/helloworld.o" -mcpu=cortex-a9 -mfpu=vfpv3 -mfloat-abi=hard -I../../hello_bsp/ps7_cortexa9_0/include -MMD -MP -MF"src/helloworld.d" -MT"src/helloworld.o" -o "src/helloworld.o" "../src/helloworld.c"
../src/helloworld.c: In function 'main':
../src/helloworld.c:240:12: warning: format '%d' expects argument of type 'int', but argument 2 has type 'long unsigned int' [-Wformat=]
   printf("%d\n", (u32)fingerPos[0]);
           ~^     ~~~~~~~~~~~~~~~~~
           %ld
../src/helloworld.c:92:6: warning: variable 'status' set but not used [-Wunused-but-set-variable]
  int status;
      ^~~~~~
../src/helloworld.c:88:54: warning: unused variable 'sumcount' [-Wunused-variable]
  u32 i, j, freq, upDown, addr, temp[10], sum1, sum2, sumcount = 0;
                                                      ^~~~~~~~
../src/helloworld.c:88:48: warning: unused variable 'sum2' [-Wunused-variable]
  u32 i, j, freq, upDown, addr, temp[10], sum1, sum2, sumcount = 0;
                                                ^~~~
../src/helloworld.c:88:42: warning: unused variable 'sum1' [-Wunused-variable]
  u32 i, j, freq, upDown, addr, temp[10], sum1, sum2, sumcount = 0;
                                          ^~~~
../src/helloworld.c:88:32: warning: unused variable 'temp' [-Wunused-variable]
  u32 i, j, freq, upDown, addr, temp[10], sum1, sum2, sumcount = 0;
                                ^~~~
../src/helloworld.c:88:26: warning: unused variable 'addr' [-Wunused-variable]
  u32 i, j, freq, upDown, addr, temp[10], sum1, sum2, sumcount = 0;
                          ^~~~
../src/helloworld.c:88:18: warning: variable 'upDown' set but not used [-Wunused-but-set-variable]
  u32 i, j, freq, upDown, addr, temp[10], sum1, sum2, sumcount = 0;
                  ^~~~~~
../src/helloworld.c:88:9: warning: unused variable 'j' [-Wunused-variable]
  u32 i, j, freq, upDown, addr, temp[10], sum1, sum2, sumcount = 0;
         ^
'Finished building: ../src/helloworld.c'
' '
'Building target: hello.elf'
'Invoking: ARM v7 gcc linker'
arm-none-eabi-gcc -mcpu=cortex-a9 -mfpu=vfpv3 -mfloat-abi=hard -Wl,-build-id=none -specs=Xilinx.spec -Wl,-T -Wl,../src/lscript.ld -L../../hello_bsp/ps7_cortexa9_0/lib -o "hello.elf"  ./src/fingering.o ./src/helloworld.o ./src/platform.o   -lm -Wl,--start-group,-lxil,-lgcc,-lc,--end-group
'Finished building target: hello.elf'
' '
'Invoking: ARM v7 Print Size'
arm-none-eabi-size hello.elf  |tee "hello.elf.size"
   text	   data	    bss	    dec	    hex	filename
  90440	   2636	520024976	520118052	1f005f24	hello.elf
'Finished building: hello.elf.size'
' '
21:35:20 **** Incremental Build of configuration Debug for project hello ****
make pre-build main-build 
a9-linaro-pre-build-step
' '
'Building file: ../src/helloworld.c'
'Invoking: ARM v7 gcc compiler'
arm-none-eabi-gcc -Wall -O0 -g3 -c -fmessage-length=0 -MT"src/helloworld.o" -mcpu=cortex-a9 -mfpu=vfpv3 -mfloat-abi=hard -I../../hello_bsp/ps7_cortexa9_0/include -MMD -MP -MF"src/helloworld.d" -MT"src/helloworld.o" -o "src/helloworld.o" "../src/helloworld.c"
../src/helloworld.c: In function 'main':
../src/helloworld.c:92:6: warning: variable 'status' set but not used [-Wunused-but-set-variable]
  int status;
      ^~~~~~
../src/helloworld.c:88:54: warning: unused variable 'sumcount' [-Wunused-variable]
  u32 i, j, freq, upDown, addr, temp[10], sum1, sum2, sumcount = 0;
                                                      ^~~~~~~~
../src/helloworld.c:88:48: warning: unused variable 'sum2' [-Wunused-variable]
  u32 i, j, freq, upDown, addr, temp[10], sum1, sum2, sumcount = 0;
                                                ^~~~
../src/helloworld.c:88:42: warning: unused variable 'sum1' [-Wunused-variable]
  u32 i, j, freq, upDown, addr, temp[10], sum1, sum2, sumcount = 0;
                                          ^~~~
../src/helloworld.c:88:32: warning: unused variable 'temp' [-Wunused-variable]
  u32 i, j, freq, upDown, addr, temp[10], sum1, sum2, sumcount = 0;
                                ^~~~
../src/helloworld.c:88:26: warning: unused variable 'addr' [-Wunused-variable]
  u32 i, j, freq, upDown, addr, temp[10], sum1, sum2, sumcount = 0;
                          ^~~~
../src/helloworld.c:88:18: warning: variable 'upDown' set but not used [-Wunused-but-set-variable]
  u32 i, j, freq, upDown, addr, temp[10], sum1, sum2, sumcount = 0;
                  ^~~~~~
../src/helloworld.c:88:9: warning: unused variable 'j' [-Wunused-variable]
  u32 i, j, freq, upDown, addr, temp[10], sum1, sum2, sumcount = 0;
         ^
'Finished building: ../src/helloworld.c'
' '
'Building target: hello.elf'
'Invoking: ARM v7 gcc linker'
arm-none-eabi-gcc -mcpu=cortex-a9 -mfpu=vfpv3 -mfloat-abi=hard -Wl,-build-id=none -specs=Xilinx.spec -Wl,-T -Wl,../src/lscript.ld -L../../hello_bsp/ps7_cortexa9_0/lib -o "hello.elf"  ./src/fingering.o ./src/helloworld.o ./src/platform.o   -lm -Wl,--start-group,-lxil,-lgcc,-lc,--end-group
'Finished building target: hello.elf'
' '
'Invoking: ARM v7 Print Size'
arm-none-eabi-size hello.elf  |tee "hello.elf.size"
   text	   data	    bss	    dec	    hex	filename
  90440	   2636	520024976	520118052	1f005f24	hello.elf
'Finished building: hello.elf.size'
' '
21:38:05 **** Incremental Build of configuration Debug for project hello ****
make pre-build main-build 
a9-linaro-pre-build-step
' '
'Building file: ../src/helloworld.c'
'Invoking: ARM v7 gcc compiler'
arm-none-eabi-gcc -Wall -O0 -g3 -c -fmessage-length=0 -MT"src/helloworld.o" -mcpu=cortex-a9 -mfpu=vfpv3 -mfloat-abi=hard -I../../hello_bsp/ps7_cortexa9_0/include -MMD -MP -MF"src/helloworld.d" -MT"src/helloworld.o" -o "src/helloworld.o" "../src/helloworld.c"
../src/helloworld.c: In function 'main':
../src/helloworld.c:92:6: warning: variable 'status' set but not used [-Wunused-but-set-variable]
  int status;
      ^~~~~~
../src/helloworld.c:88:54: warning: unused variable 'sumcount' [-Wunused-variable]
  u32 i, j, freq, upDown, addr, temp[10], sum1, sum2, sumcount = 0;
                                                      ^~~~~~~~
../src/helloworld.c:88:48: warning: unused variable 'sum2' [-Wunused-variable]
  u32 i, j, freq, upDown, addr, temp[10], sum1, sum2, sumcount = 0;
                                                ^~~~
../src/helloworld.c:88:42: warning: unused variable 'sum1' [-Wunused-variable]
  u32 i, j, freq, upDown, addr, temp[10], sum1, sum2, sumcount = 0;
                                          ^~~~
../src/helloworld.c:88:32: warning: unused variable 'temp' [-Wunused-variable]
  u32 i, j, freq, upDown, addr, temp[10], sum1, sum2, sumcount = 0;
                                ^~~~
../src/helloworld.c:88:26: warning: unused variable 'addr' [-Wunused-variable]
  u32 i, j, freq, upDown, addr, temp[10], sum1, sum2, sumcount = 0;
                          ^~~~
../src/helloworld.c:88:18: warning: variable 'upDown' set but not used [-Wunused-but-set-variable]
  u32 i, j, freq, upDown, addr, temp[10], sum1, sum2, sumcount = 0;
                  ^~~~~~
../src/helloworld.c:88:9: warning: unused variable 'j' [-Wunused-variable]
  u32 i, j, freq, upDown, addr, temp[10], sum1, sum2, sumcount = 0;
         ^
'Finished building: ../src/helloworld.c'
' '
'Building target: hello.elf'
'Invoking: ARM v7 gcc linker'
arm-none-eabi-gcc -mcpu=cortex-a9 -mfpu=vfpv3 -mfloat-abi=hard -Wl,-build-id=none -specs=Xilinx.spec -Wl,-T -Wl,../src/lscript.ld -L../../hello_bsp/ps7_cortexa9_0/lib -o "hello.elf"  ./src/fingering.o ./src/helloworld.o ./src/platform.o   -lm -Wl,--start-group,-lxil,-lgcc,-lc,--end-group
'Finished building target: hello.elf'
' '
'Invoking: ARM v7 Print Size'
arm-none-eabi-size hello.elf  |tee "hello.elf.size"
   text	   data	    bss	    dec	    hex	filename
  90440	   2636	520024976	520118052	1f005f24	hello.elf
'Finished building: hello.elf.size'
' '
21:39:28 **** Incremental Build of configuration Debug for project hello ****
make pre-build main-build 
a9-linaro-pre-build-step
' '
'Building file: ../src/helloworld.c'
'Invoking: ARM v7 gcc compiler'
arm-none-eabi-gcc -Wall -O0 -g3 -c -fmessage-length=0 -MT"src/helloworld.o" -mcpu=cortex-a9 -mfpu=vfpv3 -mfloat-abi=hard -I../../hello_bsp/ps7_cortexa9_0/include -MMD -MP -MF"src/helloworld.d" -MT"src/helloworld.o" -o "src/helloworld.o" "../src/helloworld.c"
../src/helloworld.c: In function 'main':
../src/helloworld.c:92:6: warning: variable 'status' set but not used [-Wunused-but-set-variable]
  int status;
      ^~~~~~
../src/helloworld.c:88:54: warning: unused variable 'sumcount' [-Wunused-variable]
  u32 i, j, freq, upDown, addr, temp[10], sum1, sum2, sumcount = 0;
                                                      ^~~~~~~~
../src/helloworld.c:88:48: warning: unused variable 'sum2' [-Wunused-variable]
  u32 i, j, freq, upDown, addr, temp[10], sum1, sum2, sumcount = 0;
                                                ^~~~
../src/helloworld.c:88:42: warning: unused variable 'sum1' [-Wunused-variable]
  u32 i, j, freq, upDown, addr, temp[10], sum1, sum2, sumcount = 0;
                                          ^~~~
../src/helloworld.c:88:32: warning: unused variable 'temp' [-Wunused-variable]
  u32 i, j, freq, upDown, addr, temp[10], sum1, sum2, sumcount = 0;
                                ^~~~
../src/helloworld.c:88:26: warning: unused variable 'addr' [-Wunused-variable]
  u32 i, j, freq, upDown, addr, temp[10], sum1, sum2, sumcount = 0;
                          ^~~~
../src/helloworld.c:88:18: warning: variable 'upDown' set but not used [-Wunused-but-set-variable]
  u32 i, j, freq, upDown, addr, temp[10], sum1, sum2, sumcount = 0;
                  ^~~~~~
../src/helloworld.c:88:9: warning: unused variable 'j' [-Wunused-variable]
  u32 i, j, freq, upDown, addr, temp[10], sum1, sum2, sumcount = 0;
         ^
'Finished building: ../src/helloworld.c'
' '
'Building target: hello.elf'
'Invoking: ARM v7 gcc linker'
arm-none-eabi-gcc -mcpu=cortex-a9 -mfpu=vfpv3 -mfloat-abi=hard -Wl,-build-id=none -specs=Xilinx.spec -Wl,-T -Wl,../src/lscript.ld -L../../hello_bsp/ps7_cortexa9_0/lib -o "hello.elf"  ./src/fingering.o ./src/helloworld.o ./src/platform.o   -lm -Wl,--start-group,-lxil,-lgcc,-lc,--end-group
'Finished building target: hello.elf'
' '
'Invoking: ARM v7 Print Size'
arm-none-eabi-size hello.elf  |tee "hello.elf.size"
   text	   data	    bss	    dec	    hex	filename
  90440	   2636	520024976	520118052	1f005f24	hello.elf
'Finished building: hello.elf.size'
' '
21:42:43 **** Incremental Build of configuration Debug for project hello ****
make pre-build main-build 
a9-linaro-pre-build-step
' '
'Building file: ../src/helloworld.c'
'Invoking: ARM v7 gcc compiler'
arm-none-eabi-gcc -Wall -O0 -g3 -c -fmessage-length=0 -MT"src/helloworld.o" -mcpu=cortex-a9 -mfpu=vfpv3 -mfloat-abi=hard -I../../hello_bsp/ps7_cortexa9_0/include -MMD -MP -MF"src/helloworld.d" -MT"src/helloworld.o" -o "src/helloworld.o" "../src/helloworld.c"
../src/helloworld.c: In function 'main':
../src/helloworld.c:92:6: warning: variable 'status' set but not used [-Wunused-but-set-variable]
  int status;
      ^~~~~~
../src/helloworld.c:88:54: warning: unused variable 'sumcount' [-Wunused-variable]
  u32 i, j, freq, upDown, addr, temp[10], sum1, sum2, sumcount = 0;
                                                      ^~~~~~~~
../src/helloworld.c:88:48: warning: unused variable 'sum2' [-Wunused-variable]
  u32 i, j, freq, upDown, addr, temp[10], sum1, sum2, sumcount = 0;
                                                ^~~~
../src/helloworld.c:88:42: warning: unused variable 'sum1' [-Wunused-variable]
  u32 i, j, freq, upDown, addr, temp[10], sum1, sum2, sumcount = 0;
                                          ^~~~
../src/helloworld.c:88:32: warning: unused variable 'temp' [-Wunused-variable]
  u32 i, j, freq, upDown, addr, temp[10], sum1, sum2, sumcount = 0;
                                ^~~~
../src/helloworld.c:88:26: warning: unused variable 'addr' [-Wunused-variable]
  u32 i, j, freq, upDown, addr, temp[10], sum1, sum2, sumcount = 0;
                          ^~~~
../src/helloworld.c:88:18: warning: variable 'upDown' set but not used [-Wunused-but-set-variable]
  u32 i, j, freq, upDown, addr, temp[10], sum1, sum2, sumcount = 0;
                  ^~~~~~
../src/helloworld.c:88:9: warning: unused variable 'j' [-Wunused-variable]
  u32 i, j, freq, upDown, addr, temp[10], sum1, sum2, sumcount = 0;
         ^
'Finished building: ../src/helloworld.c'
' '
'Building target: hello.elf'
'Invoking: ARM v7 gcc linker'
arm-none-eabi-gcc -mcpu=cortex-a9 -mfpu=vfpv3 -mfloat-abi=hard -Wl,-build-id=none -specs=Xilinx.spec -Wl,-T -Wl,../src/lscript.ld -L../../hello_bsp/ps7_cortexa9_0/lib -o "hello.elf"  ./src/fingering.o ./src/helloworld.o ./src/platform.o   -lm -Wl,--start-group,-lxil,-lgcc,-lc,--end-group
'Finished building target: hello.elf'
' '
'Invoking: ARM v7 Print Size'
arm-none-eabi-size hello.elf  |tee "hello.elf.size"
   text	   data	    bss	    dec	    hex	filename
  90568	   2636	520024976	520118180	1f005fa4	hello.elf
'Finished building: hello.elf.size'
' '
21:46:00 **** Incremental Build of configuration Debug for project hello ****
make pre-build main-build 
a9-linaro-pre-build-step
' '
'Building file: ../src/fingering.c'
'Invoking: ARM v7 gcc compiler'
arm-none-eabi-gcc -Wall -O0 -g3 -c -fmessage-length=0 -MT"src/fingering.o" -mcpu=cortex-a9 -mfpu=vfpv3 -mfloat-abi=hard -I../../hello_bsp/ps7_cortexa9_0/include -MMD -MP -MF"src/fingering.d" -MT"src/fingering.o" -o "src/fingering.o" "../src/fingering.c"
../src/fingering.c: In function 'SetSensorData':
../src/fingering.c:21:11: warning: unused variable 'k' [-Wunused-variable]
  u8 i, j, k, data1st, data2nd, dataIndex = 0;
           ^
'Finished building: ../src/fingering.c'
' '
'Building file: ../src/helloworld.c'
'Invoking: ARM v7 gcc compiler'
arm-none-eabi-gcc -Wall -O0 -g3 -c -fmessage-length=0 -MT"src/helloworld.o" -mcpu=cortex-a9 -mfpu=vfpv3 -mfloat-abi=hard -I../../hello_bsp/ps7_cortexa9_0/include -MMD -MP -MF"src/helloworld.d" -MT"src/helloworld.o" -o "src/helloworld.o" "../src/helloworld.c"
../src/helloworld.c: In function 'main':
../src/helloworld.c:92:6: warning: variable 'status' set but not used [-Wunused-but-set-variable]
  int status;
      ^~~~~~
../src/helloworld.c:88:54: warning: unused variable 'sumcount' [-Wunused-variable]
  u32 i, j, freq, upDown, addr, temp[10], sum1, sum2, sumcount = 0;
                                                      ^~~~~~~~
../src/helloworld.c:88:48: warning: unused variable 'sum2' [-Wunused-variable]
  u32 i, j, freq, upDown, addr, temp[10], sum1, sum2, sumcount = 0;
                                                ^~~~
../src/helloworld.c:88:42: warning: unused variable 'sum1' [-Wunused-variable]
  u32 i, j, freq, upDown, addr, temp[10], sum1, sum2, sumcount = 0;
                                          ^~~~
../src/helloworld.c:88:32: warning: unused variable 'temp' [-Wunused-variable]
  u32 i, j, freq, upDown, addr, temp[10], sum1, sum2, sumcount = 0;
                                ^~~~
../src/helloworld.c:88:26: warning: unused variable 'addr' [-Wunused-variable]
  u32 i, j, freq, upDown, addr, temp[10], sum1, sum2, sumcount = 0;
                          ^~~~
../src/helloworld.c:88:18: warning: variable 'upDown' set but not used [-Wunused-but-set-variable]
  u32 i, j, freq, upDown, addr, temp[10], sum1, sum2, sumcount = 0;
                  ^~~~~~
../src/helloworld.c:88:9: warning: unused variable 'j' [-Wunused-variable]
  u32 i, j, freq, upDown, addr, temp[10], sum1, sum2, sumcount = 0;
         ^
'Finished building: ../src/helloworld.c'
' '
'Building target: hello.elf'
'Invoking: ARM v7 gcc linker'
arm-none-eabi-gcc -mcpu=cortex-a9 -mfpu=vfpv3 -mfloat-abi=hard -Wl,-build-id=none -specs=Xilinx.spec -Wl,-T -Wl,../src/lscript.ld -L../../hello_bsp/ps7_cortexa9_0/lib -o "hello.elf"  ./src/fingering.o ./src/helloworld.o ./src/platform.o   -lm -Wl,--start-group,-lxil,-lgcc,-lc,--end-group
'Finished building target: hello.elf'
' '
'Invoking: ARM v7 Print Size'
arm-none-eabi-size hello.elf  |tee "hello.elf.size"
   text	   data	    bss	    dec	    hex	filename
  90820	   2636	520024976	520118432	1f0060a0	hello.elf
'Finished building: hello.elf.size'
' '
21:46:26 **** Incremental Build of configuration Debug for project hello ****
make pre-build main-build 
a9-linaro-pre-build-step
' '
make: `main-build' に対して行うべき事はありません.
21:47:31 **** Incremental Build of configuration Debug for project hello ****
make pre-build main-build 
a9-linaro-pre-build-step
' '
make: `main-build' に対して行うべき事はありません.
21:49:26 **** Incremental Build of configuration Debug for project hello ****
make pre-build main-build 
a9-linaro-pre-build-step
' '
'Building file: ../src/fingering.c'
'Invoking: ARM v7 gcc compiler'
arm-none-eabi-gcc -Wall -O0 -g3 -c -fmessage-length=0 -MT"src/fingering.o" -mcpu=cortex-a9 -mfpu=vfpv3 -mfloat-abi=hard -I../../hello_bsp/ps7_cortexa9_0/include -MMD -MP -MF"src/fingering.d" -MT"src/fingering.o" -o "src/fingering.o" "../src/fingering.c"
../src/fingering.c: In function 'SetSensorData':
../src/fingering.c:21:11: warning: unused variable 'k' [-Wunused-variable]
  u8 i, j, k, data1st, data2nd, dataIndex = 0;
           ^
'Finished building: ../src/fingering.c'
' '
'Building target: hello.elf'
'Invoking: ARM v7 gcc linker'
arm-none-eabi-gcc -mcpu=cortex-a9 -mfpu=vfpv3 -mfloat-abi=hard -Wl,-build-id=none -specs=Xilinx.spec -Wl,-T -Wl,../src/lscript.ld -L../../hello_bsp/ps7_cortexa9_0/lib -o "hello.elf"  ./src/fingering.o ./src/helloworld.o ./src/platform.o   -lm -Wl,--start-group,-lxil,-lgcc,-lc,--end-group
'Finished building target: hello.elf'
' '
'Invoking: ARM v7 Print Size'
arm-none-eabi-size hello.elf  |tee "hello.elf.size"
   text	   data	    bss	    dec	    hex	filename
  90820	   2636	520024976	520118432	1f0060a0	hello.elf
'Finished building: hello.elf.size'
' '
21:54:36 **** Incremental Build of configuration Debug for project hello ****
make pre-build main-build 
a9-linaro-pre-build-step
' '
'Building file: ../src/fingering.c'
'Invoking: ARM v7 gcc compiler'
arm-none-eabi-gcc -Wall -O0 -g3 -c -fmessage-length=0 -MT"src/fingering.o" -mcpu=cortex-a9 -mfpu=vfpv3 -mfloat-abi=hard -I../../hello_bsp/ps7_cortexa9_0/include -MMD -MP -MF"src/fingering.d" -MT"src/fingering.o" -o "src/fingering.o" "../src/fingering.c"
'Finished building: ../src/fingering.c'
' '
'Building target: hello.elf'
'Invoking: ARM v7 gcc linker'
arm-none-eabi-gcc -mcpu=cortex-a9 -mfpu=vfpv3 -mfloat-abi=hard -Wl,-build-id=none -specs=Xilinx.spec -Wl,-T -Wl,../src/lscript.ld -L../../hello_bsp/ps7_cortexa9_0/lib -o "hello.elf"  ./src/fingering.o ./src/helloworld.o ./src/platform.o   -lm -Wl,--start-group,-lxil,-lgcc,-lc,--end-group
'Finished building target: hello.elf'
' '
'Invoking: ARM v7 Print Size'
arm-none-eabi-size hello.elf  |tee "hello.elf.size"
   text	   data	    bss	    dec	    hex	filename
  90756	   2636	520024976	520118368	1f006060	hello.elf
'Finished building: hello.elf.size'
' '
21:55:40 **** Incremental Build of configuration Debug for project hello ****
make pre-build main-build 
a9-linaro-pre-build-step
' '
'Building file: ../src/fingering.c'
'Invoking: ARM v7 gcc compiler'
arm-none-eabi-gcc -Wall -O0 -g3 -c -fmessage-length=0 -MT"src/fingering.o" -mcpu=cortex-a9 -mfpu=vfpv3 -mfloat-abi=hard -I../../hello_bsp/ps7_cortexa9_0/include -MMD -MP -MF"src/fingering.d" -MT"src/fingering.o" -o "src/fingering.o" "../src/fingering.c"
'Finished building: ../src/fingering.c'
' '
'Building target: hello.elf'
'Invoking: ARM v7 gcc linker'
arm-none-eabi-gcc -mcpu=cortex-a9 -mfpu=vfpv3 -mfloat-abi=hard -Wl,-build-id=none -specs=Xilinx.spec -Wl,-T -Wl,../src/lscript.ld -L../../hello_bsp/ps7_cortexa9_0/lib -o "hello.elf"  ./src/fingering.o ./src/helloworld.o ./src/platform.o   -lm -Wl,--start-group,-lxil,-lgcc,-lc,--end-group
'Finished building target: hello.elf'
' '
'Invoking: ARM v7 Print Size'
arm-none-eabi-size hello.elf  |tee "hello.elf.size"
   text	   data	    bss	    dec	    hex	filename
  90820	   2636	520024976	520118432	1f0060a0	hello.elf
'Finished building: hello.elf.size'
' '
21:57:03 **** Incremental Build of configuration Debug for project hello ****
make pre-build main-build 
a9-linaro-pre-build-step
' '
'Building file: ../src/helloworld.c'
'Invoking: ARM v7 gcc compiler'
arm-none-eabi-gcc -Wall -O0 -g3 -c -fmessage-length=0 -MT"src/helloworld.o" -mcpu=cortex-a9 -mfpu=vfpv3 -mfloat-abi=hard -I../../hello_bsp/ps7_cortexa9_0/include -MMD -MP -MF"src/helloworld.d" -MT"src/helloworld.o" -o "src/helloworld.o" "../src/helloworld.c"
../src/helloworld.c: In function 'main':
../src/helloworld.c:92:6: warning: variable 'status' set but not used [-Wunused-but-set-variable]
  int status;
      ^~~~~~
../src/helloworld.c:89:18: warning: unused variable 'currentRow' [-Wunused-variable]
  u8 rddata[672], currentRow = 0;
                  ^~~~~~~~~~
../src/helloworld.c:88:54: warning: unused variable 'sumcount' [-Wunused-variable]
  u32 i, j, freq, upDown, addr, temp[10], sum1, sum2, sumcount = 0;
                                                      ^~~~~~~~
../src/helloworld.c:88:48: warning: unused variable 'sum2' [-Wunused-variable]
  u32 i, j, freq, upDown, addr, temp[10], sum1, sum2, sumcount = 0;
                                                ^~~~
../src/helloworld.c:88:42: warning: unused variable 'sum1' [-Wunused-variable]
  u32 i, j, freq, upDown, addr, temp[10], sum1, sum2, sumcount = 0;
                                          ^~~~
../src/helloworld.c:88:32: warning: unused variable 'temp' [-Wunused-variable]
  u32 i, j, freq, upDown, addr, temp[10], sum1, sum2, sumcount = 0;
                                ^~~~
../src/helloworld.c:88:26: warning: unused variable 'addr' [-Wunused-variable]
  u32 i, j, freq, upDown, addr, temp[10], sum1, sum2, sumcount = 0;
                          ^~~~
../src/helloworld.c:88:18: warning: variable 'upDown' set but not used [-Wunused-but-set-variable]
  u32 i, j, freq, upDown, addr, temp[10], sum1, sum2, sumcount = 0;
                  ^~~~~~
../src/helloworld.c:88:9: warning: unused variable 'j' [-Wunused-variable]
  u32 i, j, freq, upDown, addr, temp[10], sum1, sum2, sumcount = 0;
         ^
'Finished building: ../src/helloworld.c'
' '
'Building target: hello.elf'
'Invoking: ARM v7 gcc linker'
arm-none-eabi-gcc -mcpu=cortex-a9 -mfpu=vfpv3 -mfloat-abi=hard -Wl,-build-id=none -specs=Xilinx.spec -Wl,-T -Wl,../src/lscript.ld -L../../hello_bsp/ps7_cortexa9_0/lib -o "hello.elf"  ./src/fingering.o ./src/helloworld.o ./src/platform.o   -lm -Wl,--start-group,-lxil,-lgcc,-lc,--end-group
'Finished building target: hello.elf'
' '
'Invoking: ARM v7 Print Size'
arm-none-eabi-size hello.elf  |tee "hello.elf.size"
   text	   data	    bss	    dec	    hex	filename
  90692	   2636	520024976	520118304	1f006020	hello.elf
'Finished building: hello.elf.size'
' '
21:57:14 **** Incremental Build of configuration Debug for project hello ****
make pre-build main-build 
a9-linaro-pre-build-step
' '
make: `main-build' に対して行うべき事はありません.
21:58:15 **** Incremental Build of configuration Debug for project hello ****
make pre-build main-build 
a9-linaro-pre-build-step
' '
'Building file: ../src/fingering.c'
'Invoking: ARM v7 gcc compiler'
arm-none-eabi-gcc -Wall -O0 -g3 -c -fmessage-length=0 -MT"src/fingering.o" -mcpu=cortex-a9 -mfpu=vfpv3 -mfloat-abi=hard -I../../hello_bsp/ps7_cortexa9_0/include -MMD -MP -MF"src/fingering.d" -MT"src/fingering.o" -o "src/fingering.o" "../src/fingering.c"
'Finished building: ../src/fingering.c'
' '
'Building file: ../src/helloworld.c'
'Invoking: ARM v7 gcc compiler'
arm-none-eabi-gcc -Wall -O0 -g3 -c -fmessage-length=0 -MT"src/helloworld.o" -mcpu=cortex-a9 -mfpu=vfpv3 -mfloat-abi=hard -I../../hello_bsp/ps7_cortexa9_0/include -MMD -MP -MF"src/helloworld.d" -MT"src/helloworld.o" -o "src/helloworld.o" "../src/helloworld.c"
../src/helloworld.c: In function 'main':
../src/helloworld.c:92:6: warning: variable 'status' set but not used [-Wunused-but-set-variable]
  int status;
      ^~~~~~
../src/helloworld.c:88:54: warning: unused variable 'sumcount' [-Wunused-variable]
  u32 i, j, freq, upDown, addr, temp[10], sum1, sum2, sumcount = 0;
                                                      ^~~~~~~~
../src/helloworld.c:88:48: warning: unused variable 'sum2' [-Wunused-variable]
  u32 i, j, freq, upDown, addr, temp[10], sum1, sum2, sumcount = 0;
                                                ^~~~
../src/helloworld.c:88:42: warning: unused variable 'sum1' [-Wunused-variable]
  u32 i, j, freq, upDown, addr, temp[10], sum1, sum2, sumcount = 0;
                                          ^~~~
../src/helloworld.c:88:32: warning: unused variable 'temp' [-Wunused-variable]
  u32 i, j, freq, upDown, addr, temp[10], sum1, sum2, sumcount = 0;
                                ^~~~
../src/helloworld.c:88:26: warning: unused variable 'addr' [-Wunused-variable]
  u32 i, j, freq, upDown, addr, temp[10], sum1, sum2, sumcount = 0;
                          ^~~~
../src/helloworld.c:88:18: warning: variable 'upDown' set but not used [-Wunused-but-set-variable]
  u32 i, j, freq, upDown, addr, temp[10], sum1, sum2, sumcount = 0;
                  ^~~~~~
../src/helloworld.c:88:9: warning: unused variable 'j' [-Wunused-variable]
  u32 i, j, freq, upDown, addr, temp[10], sum1, sum2, sumcount = 0;
         ^
'Finished building: ../src/helloworld.c'
' '
'Building target: hello.elf'
'Invoking: ARM v7 gcc linker'
arm-none-eabi-gcc -mcpu=cortex-a9 -mfpu=vfpv3 -mfloat-abi=hard -Wl,-build-id=none -specs=Xilinx.spec -Wl,-T -Wl,../src/lscript.ld -L../../hello_bsp/ps7_cortexa9_0/lib -o "hello.elf"  ./src/fingering.o ./src/helloworld.o ./src/platform.o   -lm -Wl,--start-group,-lxil,-lgcc,-lc,--end-group
'Finished building target: hello.elf'
' '
'Invoking: ARM v7 Print Size'
arm-none-eabi-size hello.elf  |tee "hello.elf.size"
   text	   data	    bss	    dec	    hex	filename
  90820	   2636	520024976	520118432	1f0060a0	hello.elf
'Finished building: hello.elf.size'
' '
22:00:53 **** Incremental Build of configuration Debug for project hello ****
make pre-build main-build 
a9-linaro-pre-build-step
' '
'Building file: ../src/fingering.c'
'Invoking: ARM v7 gcc compiler'
arm-none-eabi-gcc -Wall -O0 -g3 -c -fmessage-length=0 -MT"src/fingering.o" -mcpu=cortex-a9 -mfpu=vfpv3 -mfloat-abi=hard -I../../hello_bsp/ps7_cortexa9_0/include -MMD -MP -MF"src/fingering.d" -MT"src/fingering.o" -o "src/fingering.o" "../src/fingering.c"
'Finished building: ../src/fingering.c'
' '
'Building target: hello.elf'
'Invoking: ARM v7 gcc linker'
arm-none-eabi-gcc -mcpu=cortex-a9 -mfpu=vfpv3 -mfloat-abi=hard -Wl,-build-id=none -specs=Xilinx.spec -Wl,-T -Wl,../src/lscript.ld -L../../hello_bsp/ps7_cortexa9_0/lib -o "hello.elf"  ./src/fingering.o ./src/helloworld.o ./src/platform.o   -lm -Wl,--start-group,-lxil,-lgcc,-lc,--end-group
'Finished building target: hello.elf'
' '
'Invoking: ARM v7 Print Size'
arm-none-eabi-size hello.elf  |tee "hello.elf.size"
   text	   data	    bss	    dec	    hex	filename
  90820	   2636	520024976	520118432	1f0060a0	hello.elf
'Finished building: hello.elf.size'
' '
22:04:13 **** Incremental Build of configuration Debug for project hello ****
make pre-build main-build 
a9-linaro-pre-build-step
' '
'Building file: ../src/fingering.c'
'Invoking: ARM v7 gcc compiler'
arm-none-eabi-gcc -Wall -O0 -g3 -c -fmessage-length=0 -MT"src/fingering.o" -mcpu=cortex-a9 -mfpu=vfpv3 -mfloat-abi=hard -I../../hello_bsp/ps7_cortexa9_0/include -MMD -MP -MF"src/fingering.d" -MT"src/fingering.o" -o "src/fingering.o" "../src/fingering.c"
'Finished building: ../src/fingering.c'
' '
'Building target: hello.elf'
'Invoking: ARM v7 gcc linker'
arm-none-eabi-gcc -mcpu=cortex-a9 -mfpu=vfpv3 -mfloat-abi=hard -Wl,-build-id=none -specs=Xilinx.spec -Wl,-T -Wl,../src/lscript.ld -L../../hello_bsp/ps7_cortexa9_0/lib -o "hello.elf"  ./src/fingering.o ./src/helloworld.o ./src/platform.o   -lm -Wl,--start-group,-lxil,-lgcc,-lc,--end-group
'Finished building target: hello.elf'
' '
'Invoking: ARM v7 Print Size'
arm-none-eabi-size hello.elf  |tee "hello.elf.size"
   text	   data	    bss	    dec	    hex	filename
  90884	   2636	520024976	520118496	1f0060e0	hello.elf
'Finished building: hello.elf.size'
' '
22:05:58 **** Incremental Build of configuration Debug for project hello ****
make pre-build main-build 
a9-linaro-pre-build-step
' '
'Building file: ../src/fingering.c'
'Invoking: ARM v7 gcc compiler'
arm-none-eabi-gcc -Wall -O0 -g3 -c -fmessage-length=0 -MT"src/fingering.o" -mcpu=cortex-a9 -mfpu=vfpv3 -mfloat-abi=hard -I../../hello_bsp/ps7_cortexa9_0/include -MMD -MP -MF"src/fingering.d" -MT"src/fingering.o" -o "src/fingering.o" "../src/fingering.c"
'Finished building: ../src/fingering.c'
' '
'Building target: hello.elf'
'Invoking: ARM v7 gcc linker'
arm-none-eabi-gcc -mcpu=cortex-a9 -mfpu=vfpv3 -mfloat-abi=hard -Wl,-build-id=none -specs=Xilinx.spec -Wl,-T -Wl,../src/lscript.ld -L../../hello_bsp/ps7_cortexa9_0/lib -o "hello.elf"  ./src/fingering.o ./src/helloworld.o ./src/platform.o   -lm -Wl,--start-group,-lxil,-lgcc,-lc,--end-group
'Finished building target: hello.elf'
' '
'Invoking: ARM v7 Print Size'
arm-none-eabi-size hello.elf  |tee "hello.elf.size"
   text	   data	    bss	    dec	    hex	filename
  90884	   2636	520024976	520118496	1f0060e0	hello.elf
'Finished building: hello.elf.size'
' '
22:09:07 **** Incremental Build of configuration Debug for project hello ****
make pre-build main-build 
a9-linaro-pre-build-step
' '
make: `main-build' に対して行うべき事はありません.
22:10:43 **** Incremental Build of configuration Debug for project hello ****
make pre-build main-build 
a9-linaro-pre-build-step
' '
'Building file: ../src/fingering.c'
'Invoking: ARM v7 gcc compiler'
arm-none-eabi-gcc -Wall -O0 -g3 -c -fmessage-length=0 -MT"src/fingering.o" -mcpu=cortex-a9 -mfpu=vfpv3 -mfloat-abi=hard -I../../hello_bsp/ps7_cortexa9_0/include -MMD -MP -MF"src/fingering.d" -MT"src/fingering.o" -o "src/fingering.o" "../src/fingering.c"
'Finished building: ../src/fingering.c'
' '
'Building target: hello.elf'
'Invoking: ARM v7 gcc linker'
arm-none-eabi-gcc -mcpu=cortex-a9 -mfpu=vfpv3 -mfloat-abi=hard -Wl,-build-id=none -specs=Xilinx.spec -Wl,-T -Wl,../src/lscript.ld -L../../hello_bsp/ps7_cortexa9_0/lib -o "hello.elf"  ./src/fingering.o ./src/helloworld.o ./src/platform.o   -lm -Wl,--start-group,-lxil,-lgcc,-lc,--end-group
'Finished building target: hello.elf'
' '
'Invoking: ARM v7 Print Size'
arm-none-eabi-size hello.elf  |tee "hello.elf.size"
   text	   data	    bss	    dec	    hex	filename
  90884	   2636	520024976	520118496	1f0060e0	hello.elf
'Finished building: hello.elf.size'
' '
22:13:12 **** Incremental Build of configuration Debug for project hello ****
make pre-build main-build 
a9-linaro-pre-build-step
' '
'Building file: ../src/helloworld.c'
'Invoking: ARM v7 gcc compiler'
arm-none-eabi-gcc -Wall -O0 -g3 -c -fmessage-length=0 -MT"src/helloworld.o" -mcpu=cortex-a9 -mfpu=vfpv3 -mfloat-abi=hard -I../../hello_bsp/ps7_cortexa9_0/include -MMD -MP -MF"src/helloworld.d" -MT"src/helloworld.o" -o "src/helloworld.o" "../src/helloworld.c"
../src/helloworld.c: In function 'main':
../src/helloworld.c:92:6: warning: variable 'status' set but not used [-Wunused-but-set-variable]
  int status;
      ^~~~~~
../src/helloworld.c:88:54: warning: unused variable 'sumcount' [-Wunused-variable]
  u32 i, j, freq, upDown, addr, temp[10], sum1, sum2, sumcount = 0;
                                                      ^~~~~~~~
../src/helloworld.c:88:48: warning: unused variable 'sum2' [-Wunused-variable]
  u32 i, j, freq, upDown, addr, temp[10], sum1, sum2, sumcount = 0;
                                                ^~~~
../src/helloworld.c:88:42: warning: unused variable 'sum1' [-Wunused-variable]
  u32 i, j, freq, upDown, addr, temp[10], sum1, sum2, sumcount = 0;
                                          ^~~~
../src/helloworld.c:88:32: warning: unused variable 'temp' [-Wunused-variable]
  u32 i, j, freq, upDown, addr, temp[10], sum1, sum2, sumcount = 0;
                                ^~~~
../src/helloworld.c:88:26: warning: unused variable 'addr' [-Wunused-variable]
  u32 i, j, freq, upDown, addr, temp[10], sum1, sum2, sumcount = 0;
                          ^~~~
../src/helloworld.c:88:18: warning: variable 'upDown' set but not used [-Wunused-but-set-variable]
  u32 i, j, freq, upDown, addr, temp[10], sum1, sum2, sumcount = 0;
                  ^~~~~~
../src/helloworld.c:88:9: warning: unused variable 'j' [-Wunused-variable]
  u32 i, j, freq, upDown, addr, temp[10], sum1, sum2, sumcount = 0;
         ^
'Finished building: ../src/helloworld.c'
' '
'Building target: hello.elf'
'Invoking: ARM v7 gcc linker'
arm-none-eabi-gcc -mcpu=cortex-a9 -mfpu=vfpv3 -mfloat-abi=hard -Wl,-build-id=none -specs=Xilinx.spec -Wl,-T -Wl,../src/lscript.ld -L../../hello_bsp/ps7_cortexa9_0/lib -o "hello.elf"  ./src/fingering.o ./src/helloworld.o ./src/platform.o   -lm -Wl,--start-group,-lxil,-lgcc,-lc,--end-group
'Finished building target: hello.elf'
' '
'Invoking: ARM v7 Print Size'
arm-none-eabi-size hello.elf  |tee "hello.elf.size"
   text	   data	    bss	    dec	    hex	filename
  90884	   2636	520024976	520118496	1f0060e0	hello.elf
'Finished building: hello.elf.size'
' '
22:13:31 **** Incremental Build of configuration Debug for project hello ****
make pre-build main-build 
a9-linaro-pre-build-step
' '
make: `main-build' に対して行うべき事はありません.
22:15:53 **** Incremental Build of configuration Debug for project hello ****
make pre-build main-build 
a9-linaro-pre-build-step
' '
'Building file: ../src/helloworld.c'
'Invoking: ARM v7 gcc compiler'
arm-none-eabi-gcc -Wall -O0 -g3 -c -fmessage-length=0 -MT"src/helloworld.o" -mcpu=cortex-a9 -mfpu=vfpv3 -mfloat-abi=hard -I../../hello_bsp/ps7_cortexa9_0/include -MMD -MP -MF"src/helloworld.d" -MT"src/helloworld.o" -o "src/helloworld.o" "../src/helloworld.c"
../src/helloworld.c: In function 'main':
../src/helloworld.c:92:6: warning: variable 'status' set but not used [-Wunused-but-set-variable]
  int status;
      ^~~~~~
../src/helloworld.c:88:54: warning: unused variable 'sumcount' [-Wunused-variable]
  u32 i, j, freq, upDown, addr, temp[10], sum1, sum2, sumcount = 0;
                                                      ^~~~~~~~
../src/helloworld.c:88:48: warning: unused variable 'sum2' [-Wunused-variable]
  u32 i, j, freq, upDown, addr, temp[10], sum1, sum2, sumcount = 0;
                                                ^~~~
../src/helloworld.c:88:42: warning: unused variable 'sum1' [-Wunused-variable]
  u32 i, j, freq, upDown, addr, temp[10], sum1, sum2, sumcount = 0;
                                          ^~~~
../src/helloworld.c:88:32: warning: unused variable 'temp' [-Wunused-variable]
  u32 i, j, freq, upDown, addr, temp[10], sum1, sum2, sumcount = 0;
                                ^~~~
../src/helloworld.c:88:26: warning: unused variable 'addr' [-Wunused-variable]
  u32 i, j, freq, upDown, addr, temp[10], sum1, sum2, sumcount = 0;
                          ^~~~
../src/helloworld.c:88:18: warning: variable 'upDown' set but not used [-Wunused-but-set-variable]
  u32 i, j, freq, upDown, addr, temp[10], sum1, sum2, sumcount = 0;
                  ^~~~~~
../src/helloworld.c:88:9: warning: unused variable 'j' [-Wunused-variable]
  u32 i, j, freq, upDown, addr, temp[10], sum1, sum2, sumcount = 0;
         ^
'Finished building: ../src/helloworld.c'
' '
'Building target: hello.elf'
'Invoking: ARM v7 gcc linker'
arm-none-eabi-gcc -mcpu=cortex-a9 -mfpu=vfpv3 -mfloat-abi=hard -Wl,-build-id=none -specs=Xilinx.spec -Wl,-T -Wl,../src/lscript.ld -L../../hello_bsp/ps7_cortexa9_0/lib -o "hello.elf"  ./src/fingering.o ./src/helloworld.o ./src/platform.o   -lm -Wl,--start-group,-lxil,-lgcc,-lc,--end-group
'Finished building target: hello.elf'
' '
'Invoking: ARM v7 Print Size'
arm-none-eabi-size hello.elf  |tee "hello.elf.size"
   text	   data	    bss	    dec	    hex	filename
  90884	   2636	520024976	520118496	1f0060e0	hello.elf
'Finished building: hello.elf.size'
' '
22:20:26 **** Incremental Build of configuration Debug for project hello ****
make pre-build main-build 
a9-linaro-pre-build-step
' '
'Building file: ../src/fingering.c'
'Invoking: ARM v7 gcc compiler'
arm-none-eabi-gcc -Wall -O0 -g3 -c -fmessage-length=0 -MT"src/fingering.o" -mcpu=cortex-a9 -mfpu=vfpv3 -mfloat-abi=hard -I../../hello_bsp/ps7_cortexa9_0/include -MMD -MP -MF"src/fingering.d" -MT"src/fingering.o" -o "src/fingering.o" "../src/fingering.c"
'Finished building: ../src/fingering.c'
' '
'Building target: hello.elf'
'Invoking: ARM v7 gcc linker'
arm-none-eabi-gcc -mcpu=cortex-a9 -mfpu=vfpv3 -mfloat-abi=hard -Wl,-build-id=none -specs=Xilinx.spec -Wl,-T -Wl,../src/lscript.ld -L../../hello_bsp/ps7_cortexa9_0/lib -o "hello.elf"  ./src/fingering.o ./src/helloworld.o ./src/platform.o   -lm -Wl,--start-group,-lxil,-lgcc,-lc,--end-group
'Finished building target: hello.elf'
' '
'Invoking: ARM v7 Print Size'
arm-none-eabi-size hello.elf  |tee "hello.elf.size"
   text	   data	    bss	    dec	    hex	filename
  90692	   2636	520024976	520118304	1f006020	hello.elf
'Finished building: hello.elf.size'
' '
22:22:21 **** Incremental Build of configuration Debug for project hello ****
make pre-build main-build 
a9-linaro-pre-build-step
' '
'Building file: ../src/helloworld.c'
'Invoking: ARM v7 gcc compiler'
arm-none-eabi-gcc -Wall -O0 -g3 -c -fmessage-length=0 -MT"src/helloworld.o" -mcpu=cortex-a9 -mfpu=vfpv3 -mfloat-abi=hard -I../../hello_bsp/ps7_cortexa9_0/include -MMD -MP -MF"src/helloworld.d" -MT"src/helloworld.o" -o "src/helloworld.o" "../src/helloworld.c"
../src/helloworld.c: In function 'main':
../src/helloworld.c:92:6: warning: variable 'status' set but not used [-Wunused-but-set-variable]
  int status;
      ^~~~~~
../src/helloworld.c:88:54: warning: unused variable 'sumcount' [-Wunused-variable]
  u32 i, j, freq, upDown, addr, temp[10], sum1, sum2, sumcount = 0;
                                                      ^~~~~~~~
../src/helloworld.c:88:48: warning: unused variable 'sum2' [-Wunused-variable]
  u32 i, j, freq, upDown, addr, temp[10], sum1, sum2, sumcount = 0;
                                                ^~~~
../src/helloworld.c:88:42: warning: unused variable 'sum1' [-Wunused-variable]
  u32 i, j, freq, upDown, addr, temp[10], sum1, sum2, sumcount = 0;
                                          ^~~~
../src/helloworld.c:88:32: warning: unused variable 'temp' [-Wunused-variable]
  u32 i, j, freq, upDown, addr, temp[10], sum1, sum2, sumcount = 0;
                                ^~~~
../src/helloworld.c:88:26: warning: unused variable 'addr' [-Wunused-variable]
  u32 i, j, freq, upDown, addr, temp[10], sum1, sum2, sumcount = 0;
                          ^~~~
../src/helloworld.c:88:18: warning: variable 'upDown' set but not used [-Wunused-but-set-variable]
  u32 i, j, freq, upDown, addr, temp[10], sum1, sum2, sumcount = 0;
                  ^~~~~~
../src/helloworld.c:88:9: warning: unused variable 'j' [-Wunused-variable]
  u32 i, j, freq, upDown, addr, temp[10], sum1, sum2, sumcount = 0;
         ^
'Finished building: ../src/helloworld.c'
' '
'Building target: hello.elf'
'Invoking: ARM v7 gcc linker'
arm-none-eabi-gcc -mcpu=cortex-a9 -mfpu=vfpv3 -mfloat-abi=hard -Wl,-build-id=none -specs=Xilinx.spec -Wl,-T -Wl,../src/lscript.ld -L../../hello_bsp/ps7_cortexa9_0/lib -o "hello.elf"  ./src/fingering.o ./src/helloworld.o ./src/platform.o   -lm -Wl,--start-group,-lxil,-lgcc,-lc,--end-group
'Finished building target: hello.elf'
' '
'Invoking: ARM v7 Print Size'
arm-none-eabi-size hello.elf  |tee "hello.elf.size"
   text	   data	    bss	    dec	    hex	filename
  90692	   2636	520024976	520118304	1f006020	hello.elf
'Finished building: hello.elf.size'
' '
22:25:26 **** Incremental Build of configuration Debug for project hello ****
make pre-build main-build 
a9-linaro-pre-build-step
' '
'Building file: ../src/fingering.c'
'Invoking: ARM v7 gcc compiler'
arm-none-eabi-gcc -Wall -O0 -g3 -c -fmessage-length=0 -MT"src/fingering.o" -mcpu=cortex-a9 -mfpu=vfpv3 -mfloat-abi=hard -I../../hello_bsp/ps7_cortexa9_0/include -MMD -MP -MF"src/fingering.d" -MT"src/fingering.o" -o "src/fingering.o" "../src/fingering.c"
'Finished building: ../src/fingering.c'
' '
'Building target: hello.elf'
'Invoking: ARM v7 gcc linker'
arm-none-eabi-gcc -mcpu=cortex-a9 -mfpu=vfpv3 -mfloat-abi=hard -Wl,-build-id=none -specs=Xilinx.spec -Wl,-T -Wl,../src/lscript.ld -L../../hello_bsp/ps7_cortexa9_0/lib -o "hello.elf"  ./src/fingering.o ./src/helloworld.o ./src/platform.o   -lm -Wl,--start-group,-lxil,-lgcc,-lc,--end-group
'Finished building target: hello.elf'
' '
'Invoking: ARM v7 Print Size'
arm-none-eabi-size hello.elf  |tee "hello.elf.size"
   text	   data	    bss	    dec	    hex	filename
  90756	   2636	520024976	520118368	1f006060	hello.elf
'Finished building: hello.elf.size'
' '
22:25:53 **** Incremental Build of configuration Debug for project hello ****
make pre-build main-build 
a9-linaro-pre-build-step
' '
make: `main-build' に対して行うべき事はありません.
22:27:40 **** Incremental Build of configuration Debug for project hello ****
make pre-build main-build 
a9-linaro-pre-build-step
' '
'Building file: ../src/fingering.c'
'Invoking: ARM v7 gcc compiler'
arm-none-eabi-gcc -Wall -O0 -g3 -c -fmessage-length=0 -MT"src/fingering.o" -mcpu=cortex-a9 -mfpu=vfpv3 -mfloat-abi=hard -I../../hello_bsp/ps7_cortexa9_0/include -MMD -MP -MF"src/fingering.d" -MT"src/fingering.o" -o "src/fingering.o" "../src/fingering.c"
'Finished building: ../src/fingering.c'
' '
'Building target: hello.elf'
'Invoking: ARM v7 gcc linker'
arm-none-eabi-gcc -mcpu=cortex-a9 -mfpu=vfpv3 -mfloat-abi=hard -Wl,-build-id=none -specs=Xilinx.spec -Wl,-T -Wl,../src/lscript.ld -L../../hello_bsp/ps7_cortexa9_0/lib -o "hello.elf"  ./src/fingering.o ./src/helloworld.o ./src/platform.o   -lm -Wl,--start-group,-lxil,-lgcc,-lc,--end-group
'Finished building target: hello.elf'
' '
'Invoking: ARM v7 Print Size'
arm-none-eabi-size hello.elf  |tee "hello.elf.size"
   text	   data	    bss	    dec	    hex	filename
  90756	   2636	520024976	520118368	1f006060	hello.elf
'Finished building: hello.elf.size'
' '
22:31:14 **** Incremental Build of configuration Debug for project hello ****
make pre-build main-build 
a9-linaro-pre-build-step
' '
'Building file: ../src/fingering.c'
'Invoking: ARM v7 gcc compiler'
arm-none-eabi-gcc -Wall -O0 -g3 -c -fmessage-length=0 -MT"src/fingering.o" -mcpu=cortex-a9 -mfpu=vfpv3 -mfloat-abi=hard -I../../hello_bsp/ps7_cortexa9_0/include -MMD -MP -MF"src/fingering.d" -MT"src/fingering.o" -o "src/fingering.o" "../src/fingering.c"
../src/fingering.c: In function 'SetSensorData':
../src/fingering.c:35:38: warning: suggest parentheses around '+' inside '<<' [-Wparentheses]
   data1st = data[dataIndex + 2] << 8 + data[dataIndex + 1];
                                    ~~^~~~~~~~~~~~~~~~~~~~~
../src/fingering.c:36:38: warning: suggest parentheses around '+' inside '<<' [-Wparentheses]
   data2nd = data[dataIndex + 5] << 8 + data[dataIndex + 4];
                                    ~~^~~~~~~~~~~~~~~~~~~~~
'Finished building: ../src/fingering.c'
' '
'Building target: hello.elf'
'Invoking: ARM v7 gcc linker'
arm-none-eabi-gcc -mcpu=cortex-a9 -mfpu=vfpv3 -mfloat-abi=hard -Wl,-build-id=none -specs=Xilinx.spec -Wl,-T -Wl,../src/lscript.ld -L../../hello_bsp/ps7_cortexa9_0/lib -o "hello.elf"  ./src/fingering.o ./src/helloworld.o ./src/platform.o   -lm -Wl,--start-group,-lxil,-lgcc,-lc,--end-group
'Finished building target: hello.elf'
' '
'Invoking: ARM v7 Print Size'
arm-none-eabi-size hello.elf  |tee "hello.elf.size"
   text	   data	    bss	    dec	    hex	filename
  90756	   2636	520024976	520118368	1f006060	hello.elf
'Finished building: hello.elf.size'
' '
22:31:51 **** Incremental Build of configuration Debug for project hello ****
make pre-build main-build 
a9-linaro-pre-build-step
' '
'Building file: ../src/fingering.c'
'Invoking: ARM v7 gcc compiler'
arm-none-eabi-gcc -Wall -O0 -g3 -c -fmessage-length=0 -MT"src/fingering.o" -mcpu=cortex-a9 -mfpu=vfpv3 -mfloat-abi=hard -I../../hello_bsp/ps7_cortexa9_0/include -MMD -MP -MF"src/fingering.d" -MT"src/fingering.o" -o "src/fingering.o" "../src/fingering.c"
'Finished building: ../src/fingering.c'
' '
'Building target: hello.elf'
'Invoking: ARM v7 gcc linker'
arm-none-eabi-gcc -mcpu=cortex-a9 -mfpu=vfpv3 -mfloat-abi=hard -Wl,-build-id=none -specs=Xilinx.spec -Wl,-T -Wl,../src/lscript.ld -L../../hello_bsp/ps7_cortexa9_0/lib -o "hello.elf"  ./src/fingering.o ./src/helloworld.o ./src/platform.o   -lm -Wl,--start-group,-lxil,-lgcc,-lc,--end-group
'Finished building target: hello.elf'
' '
'Invoking: ARM v7 Print Size'
arm-none-eabi-size hello.elf  |tee "hello.elf.size"
   text	   data	    bss	    dec	    hex	filename
  90756	   2636	520024976	520118368	1f006060	hello.elf
'Finished building: hello.elf.size'
' '
22:32:43 **** Incremental Build of configuration Debug for project hello ****
make pre-build main-build 
a9-linaro-pre-build-step
' '
make: `main-build' に対して行うべき事はありません.
22:36:00 **** Incremental Build of configuration Debug for project hello ****
make pre-build main-build 
a9-linaro-pre-build-step
' '
'Building file: ../src/fingering.c'
'Invoking: ARM v7 gcc compiler'
arm-none-eabi-gcc -Wall -O0 -g3 -c -fmessage-length=0 -MT"src/fingering.o" -mcpu=cortex-a9 -mfpu=vfpv3 -mfloat-abi=hard -I../../hello_bsp/ps7_cortexa9_0/include -MMD -MP -MF"src/fingering.d" -MT"src/fingering.o" -o "src/fingering.o" "../src/fingering.c"
'Finished building: ../src/fingering.c'
' '
'Building target: hello.elf'
'Invoking: ARM v7 gcc linker'
arm-none-eabi-gcc -mcpu=cortex-a9 -mfpu=vfpv3 -mfloat-abi=hard -Wl,-build-id=none -specs=Xilinx.spec -Wl,-T -Wl,../src/lscript.ld -L../../hello_bsp/ps7_cortexa9_0/lib -o "hello.elf"  ./src/fingering.o ./src/helloworld.o ./src/platform.o   -lm -Wl,--start-group,-lxil,-lgcc,-lc,--end-group
'Finished building target: hello.elf'
' '
'Invoking: ARM v7 Print Size'
arm-none-eabi-size hello.elf  |tee "hello.elf.size"
   text	   data	    bss	    dec	    hex	filename
  90756	   2636	520024976	520118368	1f006060	hello.elf
'Finished building: hello.elf.size'
' '
23:22:53 **** Incremental Build of configuration Debug for project hello ****
make pre-build main-build 
a9-linaro-pre-build-step
' '
'Building file: ../src/fingering.c'
'Invoking: ARM v7 gcc compiler'
arm-none-eabi-gcc -Wall -O0 -g3 -c -fmessage-length=0 -MT"src/fingering.o" -mcpu=cortex-a9 -mfpu=vfpv3 -mfloat-abi=hard -I../../hello_bsp/ps7_cortexa9_0/include -MMD -MP -MF"src/fingering.d" -MT"src/fingering.o" -o "src/fingering.o" "../src/fingering.c"
'Finished building: ../src/fingering.c'
' '
'Building target: hello.elf'
'Invoking: ARM v7 gcc linker'
arm-none-eabi-gcc -mcpu=cortex-a9 -mfpu=vfpv3 -mfloat-abi=hard -Wl,-build-id=none -specs=Xilinx.spec -Wl,-T -Wl,../src/lscript.ld -L../../hello_bsp/ps7_cortexa9_0/lib -o "hello.elf"  ./src/fingering.o ./src/helloworld.o ./src/platform.o   -lm -Wl,--start-group,-lxil,-lgcc,-lc,--end-group
'Finished building target: hello.elf'
' '
'Invoking: ARM v7 Print Size'
arm-none-eabi-size hello.elf  |tee "hello.elf.size"
   text	   data	    bss	    dec	    hex	filename
  90756	   2636	520024976	520118368	1f006060	hello.elf
'Finished building: hello.elf.size'
' '
23:25:16 **** Incremental Build of configuration Debug for project hello ****
make pre-build main-build 
a9-linaro-pre-build-step
' '
make: `main-build' に対して行うべき事はありません.
23:26:26 **** Incremental Build of configuration Debug for project hello ****
make pre-build main-build 
a9-linaro-pre-build-step
' '
'Building file: ../src/helloworld.c'
'Invoking: ARM v7 gcc compiler'
arm-none-eabi-gcc -Wall -O0 -g3 -c -fmessage-length=0 -MT"src/helloworld.o" -mcpu=cortex-a9 -mfpu=vfpv3 -mfloat-abi=hard -I../../hello_bsp/ps7_cortexa9_0/include -MMD -MP -MF"src/helloworld.d" -MT"src/helloworld.o" -o "src/helloworld.o" "../src/helloworld.c"
../src/helloworld.c: In function 'main':
../src/helloworld.c:92:6: warning: variable 'status' set but not used [-Wunused-but-set-variable]
  int status;
      ^~~~~~
../src/helloworld.c:88:54: warning: unused variable 'sumcount' [-Wunused-variable]
  u32 i, j, freq, upDown, addr, temp[10], sum1, sum2, sumcount = 0;
                                                      ^~~~~~~~
../src/helloworld.c:88:32: warning: unused variable 'temp' [-Wunused-variable]
  u32 i, j, freq, upDown, addr, temp[10], sum1, sum2, sumcount = 0;
                                ^~~~
../src/helloworld.c:88:26: warning: unused variable 'addr' [-Wunused-variable]
  u32 i, j, freq, upDown, addr, temp[10], sum1, sum2, sumcount = 0;
                          ^~~~
../src/helloworld.c:88:18: warning: variable 'upDown' set but not used [-Wunused-but-set-variable]
  u32 i, j, freq, upDown, addr, temp[10], sum1, sum2, sumcount = 0;
                  ^~~~~~
'Finished building: ../src/helloworld.c'
' '
'Building target: hello.elf'
'Invoking: ARM v7 gcc linker'
arm-none-eabi-gcc -mcpu=cortex-a9 -mfpu=vfpv3 -mfloat-abi=hard -Wl,-build-id=none -specs=Xilinx.spec -Wl,-T -Wl,../src/lscript.ld -L../../hello_bsp/ps7_cortexa9_0/lib -o "hello.elf"  ./src/fingering.o ./src/helloworld.o ./src/platform.o   -lm -Wl,--start-group,-lxil,-lgcc,-lc,--end-group
'Finished building target: hello.elf'
' '
'Invoking: ARM v7 Print Size'
arm-none-eabi-size hello.elf  |tee "hello.elf.size"
   text	   data	    bss	    dec	    hex	filename
  40576	   1200	520024216	520065992	1eff93c8	hello.elf
'Finished building: hello.elf.size'
' '
23:31:11 **** Incremental Build of configuration Debug for project hello ****
make pre-build main-build 
a9-linaro-pre-build-step
' '
'Building file: ../src/fingering.c'
'Invoking: ARM v7 gcc compiler'
arm-none-eabi-gcc -Wall -O0 -g3 -c -fmessage-length=0 -MT"src/fingering.o" -mcpu=cortex-a9 -mfpu=vfpv3 -mfloat-abi=hard -I../../hello_bsp/ps7_cortexa9_0/include -MMD -MP -MF"src/fingering.d" -MT"src/fingering.o" -o "src/fingering.o" "../src/fingering.c"
'Finished building: ../src/fingering.c'
' '
'Building file: ../src/helloworld.c'
'Invoking: ARM v7 gcc compiler'
arm-none-eabi-gcc -Wall -O0 -g3 -c -fmessage-length=0 -MT"src/helloworld.o" -mcpu=cortex-a9 -mfpu=vfpv3 -mfloat-abi=hard -I../../hello_bsp/ps7_cortexa9_0/include -MMD -MP -MF"src/helloworld.d" -MT"src/helloworld.o" -o "src/helloworld.o" "../src/helloworld.c"
../src/helloworld.c: In function 'main':
../src/helloworld.c:92:6: warning: variable 'status' set but not used [-Wunused-but-set-variable]
  int status;
      ^~~~~~
../src/helloworld.c:88:54: warning: unused variable 'sumcount' [-Wunused-variable]
  u32 i, j, freq, upDown, addr, temp[10], sum1, sum2, sumcount = 0;
                                                      ^~~~~~~~
../src/helloworld.c:88:48: warning: unused variable 'sum2' [-Wunused-variable]
  u32 i, j, freq, upDown, addr, temp[10], sum1, sum2, sumcount = 0;
                                                ^~~~
../src/helloworld.c:88:42: warning: unused variable 'sum1' [-Wunused-variable]
  u32 i, j, freq, upDown, addr, temp[10], sum1, sum2, sumcount = 0;
                                          ^~~~
../src/helloworld.c:88:32: warning: unused variable 'temp' [-Wunused-variable]
  u32 i, j, freq, upDown, addr, temp[10], sum1, sum2, sumcount = 0;
                                ^~~~
../src/helloworld.c:88:26: warning: unused variable 'addr' [-Wunused-variable]
  u32 i, j, freq, upDown, addr, temp[10], sum1, sum2, sumcount = 0;
                          ^~~~
../src/helloworld.c:88:18: warning: variable 'upDown' set but not used [-Wunused-but-set-variable]
  u32 i, j, freq, upDown, addr, temp[10], sum1, sum2, sumcount = 0;
                  ^~~~~~
../src/helloworld.c:88:9: warning: unused variable 'j' [-Wunused-variable]
  u32 i, j, freq, upDown, addr, temp[10], sum1, sum2, sumcount = 0;
         ^
'Finished building: ../src/helloworld.c'
' '
'Building target: hello.elf'
'Invoking: ARM v7 gcc linker'
arm-none-eabi-gcc -mcpu=cortex-a9 -mfpu=vfpv3 -mfloat-abi=hard -Wl,-build-id=none -specs=Xilinx.spec -Wl,-T -Wl,../src/lscript.ld -L../../hello_bsp/ps7_cortexa9_0/lib -o "hello.elf"  ./src/fingering.o ./src/helloworld.o ./src/platform.o   -lm -Wl,--start-group,-lxil,-lgcc,-lc,--end-group
'Finished building target: hello.elf'
' '
'Invoking: ARM v7 Print Size'
arm-none-eabi-size hello.elf  |tee "hello.elf.size"
   text	   data	    bss	    dec	    hex	filename
  90756	   2636	520024976	520118368	1f006060	hello.elf
'Finished building: hello.elf.size'
' '
23:33:12 **** Incremental Build of configuration Debug for project hello ****
make pre-build main-build 
a9-linaro-pre-build-step
' '
'Building file: ../src/fingering.c'
'Invoking: ARM v7 gcc compiler'
arm-none-eabi-gcc -Wall -O0 -g3 -c -fmessage-length=0 -MT"src/fingering.o" -mcpu=cortex-a9 -mfpu=vfpv3 -mfloat-abi=hard -I../../hello_bsp/ps7_cortexa9_0/include -MMD -MP -MF"src/fingering.d" -MT"src/fingering.o" -o "src/fingering.o" "../src/fingering.c"
'Finished building: ../src/fingering.c'
' '
'Building target: hello.elf'
'Invoking: ARM v7 gcc linker'
arm-none-eabi-gcc -mcpu=cortex-a9 -mfpu=vfpv3 -mfloat-abi=hard -Wl,-build-id=none -specs=Xilinx.spec -Wl,-T -Wl,../src/lscript.ld -L../../hello_bsp/ps7_cortexa9_0/lib -o "hello.elf"  ./src/fingering.o ./src/helloworld.o ./src/platform.o   -lm -Wl,--start-group,-lxil,-lgcc,-lc,--end-group
'Finished building target: hello.elf'
' '
'Invoking: ARM v7 Print Size'
arm-none-eabi-size hello.elf  |tee "hello.elf.size"
   text	   data	    bss	    dec	    hex	filename
  90756	   2636	520024976	520118368	1f006060	hello.elf
'Finished building: hello.elf.size'
' '
23:35:44 **** Incremental Build of configuration Debug for project hello ****
make pre-build main-build 
a9-linaro-pre-build-step
' '
make: `main-build' に対して行うべき事はありません.
23:40:04 **** Incremental Build of configuration Debug for project hello ****
make pre-build main-build 
a9-linaro-pre-build-step
' '
'Building file: ../src/fingering.c'
'Invoking: ARM v7 gcc compiler'
arm-none-eabi-gcc -Wall -O0 -g3 -c -fmessage-length=0 -MT"src/fingering.o" -mcpu=cortex-a9 -mfpu=vfpv3 -mfloat-abi=hard -I../../hello_bsp/ps7_cortexa9_0/include -MMD -MP -MF"src/fingering.d" -MT"src/fingering.o" -o "src/fingering.o" "../src/fingering.c"
'Finished building: ../src/fingering.c'
' '
'Building file: ../src/helloworld.c'
'Invoking: ARM v7 gcc compiler'
arm-none-eabi-gcc -Wall -O0 -g3 -c -fmessage-length=0 -MT"src/helloworld.o" -mcpu=cortex-a9 -mfpu=vfpv3 -mfloat-abi=hard -I../../hello_bsp/ps7_cortexa9_0/include -MMD -MP -MF"src/helloworld.d" -MT"src/helloworld.o" -o "src/helloworld.o" "../src/helloworld.c"
../src/helloworld.c: In function 'main':
../src/helloworld.c:92:6: warning: variable 'status' set but not used [-Wunused-but-set-variable]
  int status;
      ^~~~~~
../src/helloworld.c:88:54: warning: unused variable 'sumcount' [-Wunused-variable]
  u32 i, j, freq, upDown, addr, temp[10], sum1, sum2, sumcount = 0;
                                                      ^~~~~~~~
../src/helloworld.c:88:48: warning: unused variable 'sum2' [-Wunused-variable]
  u32 i, j, freq, upDown, addr, temp[10], sum1, sum2, sumcount = 0;
                                                ^~~~
../src/helloworld.c:88:42: warning: unused variable 'sum1' [-Wunused-variable]
  u32 i, j, freq, upDown, addr, temp[10], sum1, sum2, sumcount = 0;
                                          ^~~~
../src/helloworld.c:88:32: warning: unused variable 'temp' [-Wunused-variable]
  u32 i, j, freq, upDown, addr, temp[10], sum1, sum2, sumcount = 0;
                                ^~~~
../src/helloworld.c:88:26: warning: unused variable 'addr' [-Wunused-variable]
  u32 i, j, freq, upDown, addr, temp[10], sum1, sum2, sumcount = 0;
                          ^~~~
../src/helloworld.c:88:18: warning: variable 'upDown' set but not used [-Wunused-but-set-variable]
  u32 i, j, freq, upDown, addr, temp[10], sum1, sum2, sumcount = 0;
                  ^~~~~~
../src/helloworld.c:88:9: warning: unused variable 'j' [-Wunused-variable]
  u32 i, j, freq, upDown, addr, temp[10], sum1, sum2, sumcount = 0;
         ^
'Finished building: ../src/helloworld.c'
' '
'Building target: hello.elf'
'Invoking: ARM v7 gcc linker'
arm-none-eabi-gcc -mcpu=cortex-a9 -mfpu=vfpv3 -mfloat-abi=hard -Wl,-build-id=none -specs=Xilinx.spec -Wl,-T -Wl,../src/lscript.ld -L../../hello_bsp/ps7_cortexa9_0/lib -o "hello.elf"  ./src/fingering.o ./src/helloworld.o ./src/platform.o   -lm -Wl,--start-group,-lxil,-lgcc,-lc,--end-group
'Finished building target: hello.elf'
' '
'Invoking: ARM v7 Print Size'
arm-none-eabi-size hello.elf  |tee "hello.elf.size"
   text	   data	    bss	    dec	    hex	filename
  40160	   1200	520024216	520065576	1eff9228	hello.elf
'Finished building: hello.elf.size'
' '
23:40:30 **** Incremental Build of configuration Debug for project hello ****
make pre-build main-build 
a9-linaro-pre-build-step
' '
make: `main-build' に対して行うべき事はありません.
23:41:41 **** Incremental Build of configuration Debug for project hello ****
make pre-build main-build 
a9-linaro-pre-build-step
' '
make: `main-build' に対して行うべき事はありません.
23:42:10 **** Incremental Build of configuration Debug for project hello ****
make pre-build main-build 
a9-linaro-pre-build-step
' '
make: `main-build' に対して行うべき事はありません.
23:43:14 **** Incremental Build of configuration Debug for project hello ****
make pre-build main-build 
a9-linaro-pre-build-step
' '
'Building file: ../src/fingering.c'
'Invoking: ARM v7 gcc compiler'
arm-none-eabi-gcc -Wall -O0 -g3 -c -fmessage-length=0 -MT"src/fingering.o" -mcpu=cortex-a9 -mfpu=vfpv3 -mfloat-abi=hard -I../../hello_bsp/ps7_cortexa9_0/include -MMD -MP -MF"src/fingering.d" -MT"src/fingering.o" -o "src/fingering.o" "../src/fingering.c"
'Finished building: ../src/fingering.c'
' '
'Building target: hello.elf'
'Invoking: ARM v7 gcc linker'
arm-none-eabi-gcc -mcpu=cortex-a9 -mfpu=vfpv3 -mfloat-abi=hard -Wl,-build-id=none -specs=Xilinx.spec -Wl,-T -Wl,../src/lscript.ld -L../../hello_bsp/ps7_cortexa9_0/lib -o "hello.elf"  ./src/fingering.o ./src/helloworld.o ./src/platform.o   -lm -Wl,--start-group,-lxil,-lgcc,-lc,--end-group
'Finished building target: hello.elf'
' '
'Invoking: ARM v7 Print Size'
arm-none-eabi-size hello.elf  |tee "hello.elf.size"
   text	   data	    bss	    dec	    hex	filename
  40152	   1200	520024216	520065568	1eff9220	hello.elf
'Finished building: hello.elf.size'
' '
23:44:39 **** Incremental Build of configuration Debug for project hello ****
make pre-build main-build 
a9-linaro-pre-build-step
' '
make: `main-build' に対して行うべき事はありません.
23:45:41 **** Incremental Build of configuration Debug for project hello ****
make pre-build main-build 
a9-linaro-pre-build-step
' '
'Building file: ../src/fingering.c'
'Invoking: ARM v7 gcc compiler'
arm-none-eabi-gcc -Wall -O0 -g3 -c -fmessage-length=0 -MT"src/fingering.o" -mcpu=cortex-a9 -mfpu=vfpv3 -mfloat-abi=hard -I../../hello_bsp/ps7_cortexa9_0/include -MMD -MP -MF"src/fingering.d" -MT"src/fingering.o" -o "src/fingering.o" "../src/fingering.c"
'Finished building: ../src/fingering.c'
' '
'Building target: hello.elf'
'Invoking: ARM v7 gcc linker'
arm-none-eabi-gcc -mcpu=cortex-a9 -mfpu=vfpv3 -mfloat-abi=hard -Wl,-build-id=none -specs=Xilinx.spec -Wl,-T -Wl,../src/lscript.ld -L../../hello_bsp/ps7_cortexa9_0/lib -o "hello.elf"  ./src/fingering.o ./src/helloworld.o ./src/platform.o   -lm -Wl,--start-group,-lxil,-lgcc,-lc,--end-group
'Finished building target: hello.elf'
' '
'Invoking: ARM v7 Print Size'
arm-none-eabi-size hello.elf  |tee "hello.elf.size"
   text	   data	    bss	    dec	    hex	filename
  40104	   1200	520024216	520065520	1eff91f0	hello.elf
'Finished building: hello.elf.size'
' '
23:47:30 **** Incremental Build of configuration Debug for project hello ****
make pre-build main-build 
a9-linaro-pre-build-step
' '
'Building file: ../src/fingering.c'
'Invoking: ARM v7 gcc compiler'
arm-none-eabi-gcc -Wall -O0 -g3 -c -fmessage-length=0 -MT"src/fingering.o" -mcpu=cortex-a9 -mfpu=vfpv3 -mfloat-abi=hard -I../../hello_bsp/ps7_cortexa9_0/include -MMD -MP -MF"src/fingering.d" -MT"src/fingering.o" -o "src/fingering.o" "../src/fingering.c"
'Finished building: ../src/fingering.c'
' '
'Building target: hello.elf'
'Invoking: ARM v7 gcc linker'
arm-none-eabi-gcc -mcpu=cortex-a9 -mfpu=vfpv3 -mfloat-abi=hard -Wl,-build-id=none -specs=Xilinx.spec -Wl,-T -Wl,../src/lscript.ld -L../../hello_bsp/ps7_cortexa9_0/lib -o "hello.elf"  ./src/fingering.o ./src/helloworld.o ./src/platform.o   -lm -Wl,--start-group,-lxil,-lgcc,-lc,--end-group
'Finished building target: hello.elf'
' '
'Invoking: ARM v7 Print Size'
arm-none-eabi-size hello.elf  |tee "hello.elf.size"
   text	   data	    bss	    dec	    hex	filename
  40144	   1200	520024216	520065560	1eff9218	hello.elf
'Finished building: hello.elf.size'
' '
23:48:32 **** Incremental Build of configuration Debug for project hello ****
make pre-build main-build 
a9-linaro-pre-build-step
' '
'Building file: ../src/helloworld.c'
'Invoking: ARM v7 gcc compiler'
arm-none-eabi-gcc -Wall -O0 -g3 -c -fmessage-length=0 -MT"src/helloworld.o" -mcpu=cortex-a9 -mfpu=vfpv3 -mfloat-abi=hard -I../../hello_bsp/ps7_cortexa9_0/include -MMD -MP -MF"src/helloworld.d" -MT"src/helloworld.o" -o "src/helloworld.o" "../src/helloworld.c"
../src/helloworld.c: In function 'main':
../src/helloworld.c:92:6: warning: variable 'status' set but not used [-Wunused-but-set-variable]
  int status;
      ^~~~~~
../src/helloworld.c:88:54: warning: unused variable 'sumcount' [-Wunused-variable]
  u32 i, j, freq, upDown, addr, temp[10], sum1, sum2, sumcount = 0;
                                                      ^~~~~~~~
../src/helloworld.c:88:48: warning: unused variable 'sum2' [-Wunused-variable]
  u32 i, j, freq, upDown, addr, temp[10], sum1, sum2, sumcount = 0;
                                                ^~~~
../src/helloworld.c:88:42: warning: unused variable 'sum1' [-Wunused-variable]
  u32 i, j, freq, upDown, addr, temp[10], sum1, sum2, sumcount = 0;
                                          ^~~~
../src/helloworld.c:88:32: warning: unused variable 'temp' [-Wunused-variable]
  u32 i, j, freq, upDown, addr, temp[10], sum1, sum2, sumcount = 0;
                                ^~~~
../src/helloworld.c:88:26: warning: unused variable 'addr' [-Wunused-variable]
  u32 i, j, freq, upDown, addr, temp[10], sum1, sum2, sumcount = 0;
                          ^~~~
../src/helloworld.c:88:18: warning: variable 'upDown' set but not used [-Wunused-but-set-variable]
  u32 i, j, freq, upDown, addr, temp[10], sum1, sum2, sumcount = 0;
                  ^~~~~~
../src/helloworld.c:88:9: warning: unused variable 'j' [-Wunused-variable]
  u32 i, j, freq, upDown, addr, temp[10], sum1, sum2, sumcount = 0;
         ^
'Finished building: ../src/helloworld.c'
' '
'Building target: hello.elf'
'Invoking: ARM v7 gcc linker'
arm-none-eabi-gcc -mcpu=cortex-a9 -mfpu=vfpv3 -mfloat-abi=hard -Wl,-build-id=none -specs=Xilinx.spec -Wl,-T -Wl,../src/lscript.ld -L../../hello_bsp/ps7_cortexa9_0/lib -o "hello.elf"  ./src/fingering.o ./src/helloworld.o ./src/platform.o   -lm -Wl,--start-group,-lxil,-lgcc,-lc,--end-group
'Finished building target: hello.elf'
' '
'Invoking: ARM v7 Print Size'
arm-none-eabi-size hello.elf  |tee "hello.elf.size"
   text	   data	    bss	    dec	    hex	filename
  40176	   1200	520024216	520065592	1eff9238	hello.elf
'Finished building: hello.elf.size'
' '
23:50:01 **** Incremental Build of configuration Debug for project hello ****
make pre-build main-build 
a9-linaro-pre-build-step
' '
'Building file: ../src/fingering.c'
'Invoking: ARM v7 gcc compiler'
arm-none-eabi-gcc -Wall -O0 -g3 -c -fmessage-length=0 -MT"src/fingering.o" -mcpu=cortex-a9 -mfpu=vfpv3 -mfloat-abi=hard -I../../hello_bsp/ps7_cortexa9_0/include -MMD -MP -MF"src/fingering.d" -MT"src/fingering.o" -o "src/fingering.o" "../src/fingering.c"
'Finished building: ../src/fingering.c'
' '
'Building target: hello.elf'
'Invoking: ARM v7 gcc linker'
arm-none-eabi-gcc -mcpu=cortex-a9 -mfpu=vfpv3 -mfloat-abi=hard -Wl,-build-id=none -specs=Xilinx.spec -Wl,-T -Wl,../src/lscript.ld -L../../hello_bsp/ps7_cortexa9_0/lib -o "hello.elf"  ./src/fingering.o ./src/helloworld.o ./src/platform.o   -lm -Wl,--start-group,-lxil,-lgcc,-lc,--end-group
'Finished building target: hello.elf'
' '
'Invoking: ARM v7 Print Size'
arm-none-eabi-size hello.elf  |tee "hello.elf.size"
   text	   data	    bss	    dec	    hex	filename
  40176	   1200	520024216	520065592	1eff9238	hello.elf
'Finished building: hello.elf.size'
' '
23:51:30 **** Incremental Build of configuration Debug for project hello ****
make pre-build main-build 
a9-linaro-pre-build-step
' '
'Building file: ../src/fingering.c'
'Invoking: ARM v7 gcc compiler'
arm-none-eabi-gcc -Wall -O0 -g3 -c -fmessage-length=0 -MT"src/fingering.o" -mcpu=cortex-a9 -mfpu=vfpv3 -mfloat-abi=hard -I../../hello_bsp/ps7_cortexa9_0/include -MMD -MP -MF"src/fingering.d" -MT"src/fingering.o" -o "src/fingering.o" "../src/fingering.c"
In file included from ../src/fingering.c:8:0:
../src/fingering.h:14:16: error: 'FINGERING_FILTER' undeclared here (not in a function)
 s16 sensorData[FINGERING_FILTER][112];
                ^~~~~~~~~~~~~~~~
make: *** [src/fingering.o] エラー 1
23:51:45 **** Incremental Build of configuration Debug for project hello ****
make pre-build main-build 
a9-linaro-pre-build-step
' '
'Building file: ../src/fingering.c'
'Invoking: ARM v7 gcc compiler'
arm-none-eabi-gcc -Wall -O0 -g3 -c -fmessage-length=0 -MT"src/fingering.o" -mcpu=cortex-a9 -mfpu=vfpv3 -mfloat-abi=hard -I../../hello_bsp/ps7_cortexa9_0/include -MMD -MP -MF"src/fingering.d" -MT"src/fingering.o" -o "src/fingering.o" "../src/fingering.c"
In file included from ../src/fingering.c:8:0:
../src/fingering.h:14:16: error: 'FINGERING_FILTER' undeclared here (not in a function)
 s16 sensorData[FINGERING_FILTER][112];
                ^~~~~~~~~~~~~~~~
make: *** [src/fingering.o] エラー 1
23:52:07 **** Incremental Build of configuration Debug for project hello ****
make pre-build main-build 
a9-linaro-pre-build-step
' '
'Building file: ../src/fingering.c'
'Invoking: ARM v7 gcc compiler'
arm-none-eabi-gcc -Wall -O0 -g3 -c -fmessage-length=0 -MT"src/fingering.o" -mcpu=cortex-a9 -mfpu=vfpv3 -mfloat-abi=hard -I../../hello_bsp/ps7_cortexa9_0/include -MMD -MP -MF"src/fingering.d" -MT"src/fingering.o" -o "src/fingering.o" "../src/fingering.c"
'Finished building: ../src/fingering.c'
' '
'Building file: ../src/helloworld.c'
'Invoking: ARM v7 gcc compiler'
arm-none-eabi-gcc -Wall -O0 -g3 -c -fmessage-length=0 -MT"src/helloworld.o" -mcpu=cortex-a9 -mfpu=vfpv3 -mfloat-abi=hard -I../../hello_bsp/ps7_cortexa9_0/include -MMD -MP -MF"src/helloworld.d" -MT"src/helloworld.o" -o "src/helloworld.o" "../src/helloworld.c"
[...]
  u32 i, j, freq, upDown, addr, temp[10], sum1, sum2, sumcount = 0;
                  ^~~~~~
../src/helloworld.c:88:9: warning: unused variable 'j' [-Wunused-variable]
  u32 i, j, freq, upDown, addr, temp[10], sum1, sum2, sumcount = 0;
         ^
'Finished building: ../src/helloworld.c'
' '
'Building target: hello.elf'
'Invoking: ARM v7 gcc linker'
arm-none-eabi-gcc -mcpu=cortex-a9 -mfpu=vfpv3 -mfloat-abi=hard -Wl,-build-id=none -specs=Xilinx.spec -Wl,-T -Wl,../src/lscript.ld -L../../hello_bsp/ps7_cortexa9_0/lib -o "hello.elf"  ./src/fingering.o ./src/helloworld.o ./src/platform.o   -lm -Wl,--start-group,-lxil,-lgcc,-lc,--end-group
'Finished building target: hello.elf'
' '
'Invoking: ARM v7 Print Size'
arm-none-eabi-size hello.elf  |tee "hello.elf.size"
   text	   data	    bss	    dec	    hex	filename
  90756	   2636	520024976	520118368	1f006060	hello.elf
'Finished building: hello.elf.size'
' '
12:17:59 **** Incremental Build of configuration Debug for project hello ****
make pre-build main-build 
a9-linaro-pre-build-step
' '
'Building file: ../src/fingering.c'
'Invoking: ARM v7 gcc compiler'
arm-none-eabi-gcc -Wall -O0 -g3 -c -fmessage-length=0 -MT"src/fingering.o" -mcpu=cortex-a9 -mfpu=vfpv3 -mfloat-abi=hard -I../../hello_bsp/ps7_cortexa9_0/include -MMD -MP -MF"src/fingering.d" -MT"src/fingering.o" -o "src/fingering.o" "../src/fingering.c"
'Finished building: ../src/fingering.c'
' '
'Building target: hello.elf'
'Invoking: ARM v7 gcc linker'
arm-none-eabi-gcc -mcpu=cortex-a9 -mfpu=vfpv3 -mfloat-abi=hard -Wl,-build-id=none -specs=Xilinx.spec -Wl,-T -Wl,../src/lscript.ld -L../../hello_bsp/ps7_cortexa9_0/lib -o "hello.elf"  ./src/fingering.o ./src/helloworld.o ./src/platform.o   -lm -Wl,--start-group,-lxil,-lgcc,-lc,--end-group
'Finished building target: hello.elf'
' '
'Invoking: ARM v7 Print Size'
arm-none-eabi-size hello.elf  |tee "hello.elf.size"
   text	   data	    bss	    dec	    hex	filename
  90756	   2636	520024976	520118368	1f006060	hello.elf
'Finished building: hello.elf.size'
' '
12:20:01 **** Incremental Build of configuration Debug for project hello ****
make pre-build main-build 
a9-linaro-pre-build-step
' '
'Building file: ../src/fingering.c'
'Invoking: ARM v7 gcc compiler'
arm-none-eabi-gcc -Wall -O0 -g3 -c -fmessage-length=0 -MT"src/fingering.o" -mcpu=cortex-a9 -mfpu=vfpv3 -mfloat-abi=hard -I../../hello_bsp/ps7_cortexa9_0/include -MMD -MP -MF"src/fingering.d" -MT"src/fingering.o" -o "src/fingering.o" "../src/fingering.c"
'Finished building: ../src/fingering.c'
' '
'Building file: ../src/helloworld.c'
'Invoking: ARM v7 gcc compiler'
arm-none-eabi-gcc -Wall -O0 -g3 -c -fmessage-length=0 -MT"src/helloworld.o" -mcpu=cortex-a9 -mfpu=vfpv3 -mfloat-abi=hard -I../../hello_bsp/ps7_cortexa9_0/include -MMD -MP -MF"src/helloworld.d" -MT"src/helloworld.o" -o "src/helloworld.o" "../src/helloworld.c"
../src/helloworld.c: In function 'main':
../src/helloworld.c:92:6: warning: variable 'status' set but not used [-Wunused-but-set-variable]
  int status;
      ^~~~~~
../src/helloworld.c:88:54: warning: unused variable 'sumcount' [-Wunused-variable]
  u32 i, j, freq, upDown, addr, temp[10], sum1, sum2, sumcount = 0;
                                                      ^~~~~~~~
../src/helloworld.c:88:48: warning: unused variable 'sum2' [-Wunused-variable]
  u32 i, j, freq, upDown, addr, temp[10], sum1, sum2, sumcount = 0;
                                                ^~~~
../src/helloworld.c:88:42: warning: unused variable 'sum1' [-Wunused-variable]
  u32 i, j, freq, upDown, addr, temp[10], sum1, sum2, sumcount = 0;
                                          ^~~~
../src/helloworld.c:88:32: warning: unused variable 'temp' [-Wunused-variable]
  u32 i, j, freq, upDown, addr, temp[10], sum1, sum2, sumcount = 0;
                                ^~~~
../src/helloworld.c:88:26: warning: unused variable 'addr' [-Wunused-variable]
  u32 i, j, freq, upDown, addr, temp[10], sum1, sum2, sumcount = 0;
                          ^~~~
../src/helloworld.c:88:18: warning: variable 'upDown' set but not used [-Wunused-but-set-variable]
  u32 i, j, freq, upDown, addr, temp[10], sum1, sum2, sumcount = 0;
                  ^~~~~~
../src/helloworld.c:88:9: warning: unused variable 'j' [-Wunused-variable]
  u32 i, j, freq, upDown, addr, temp[10], sum1, sum2, sumcount = 0;
         ^
'Finished building: ../src/helloworld.c'
' '
'Building target: hello.elf'
'Invoking: ARM v7 gcc linker'
arm-none-eabi-gcc -mcpu=cortex-a9 -mfpu=vfpv3 -mfloat-abi=hard -Wl,-build-id=none -specs=Xilinx.spec -Wl,-T -Wl,../src/lscript.ld -L../../hello_bsp/ps7_cortexa9_0/lib -o "hello.elf"  ./src/fingering.o ./src/helloworld.o ./src/platform.o   -lm -Wl,--start-group,-lxil,-lgcc,-lc,--end-group
'Finished building target: hello.elf'
' '
'Invoking: ARM v7 Print Size'
arm-none-eabi-size hello.elf  |tee "hello.elf.size"
   text	   data	    bss	    dec	    hex	filename
  90756	   2636	520024976	520118368	1f006060	hello.elf
'Finished building: hello.elf.size'
' '
12:20:54 **** Incremental Build of configuration Debug for project hello ****
make pre-build main-build 
a9-linaro-pre-build-step
' '
'Building file: ../src/fingering.c'
'Invoking: ARM v7 gcc compiler'
arm-none-eabi-gcc -Wall -O0 -g3 -c -fmessage-length=0 -MT"src/fingering.o" -mcpu=cortex-a9 -mfpu=vfpv3 -mfloat-abi=hard -I../../hello_bsp/ps7_cortexa9_0/include -MMD -MP -MF"src/fingering.d" -MT"src/fingering.o" -o "src/fingering.o" "../src/fingering.c"
'Finished building: ../src/fingering.c'
' '
'Building target: hello.elf'
'Invoking: ARM v7 gcc linker'
arm-none-eabi-gcc -mcpu=cortex-a9 -mfpu=vfpv3 -mfloat-abi=hard -Wl,-build-id=none -specs=Xilinx.spec -Wl,-T -Wl,../src/lscript.ld -L../../hello_bsp/ps7_cortexa9_0/lib -o "hello.elf"  ./src/fingering.o ./src/helloworld.o ./src/platform.o   -lm -Wl,--start-group,-lxil,-lgcc,-lc,--end-group
'Finished building target: hello.elf'
' '
'Invoking: ARM v7 Print Size'
arm-none-eabi-size hello.elf  |tee "hello.elf.size"
   text	   data	    bss	    dec	    hex	filename
  90884	   2636	520024976	520118496	1f0060e0	hello.elf
'Finished building: hello.elf.size'
' '
21:13:39 **** Incremental Build of configuration Debug for project hello ****
make pre-build main-build 
a9-linaro-pre-build-step
' '
make: `main-build' に対して行うべき事はありません.
21:29:59 **** Incremental Build of configuration Debug for project hello ****
make pre-build main-build 
a9-linaro-pre-build-step
' '
'Building file: ../src/helloworld.c'
'Invoking: ARM v7 gcc compiler'
arm-none-eabi-gcc -Wall -O0 -g3 -c -fmessage-length=0 -MT"src/helloworld.o" -mcpu=cortex-a9 -mfpu=vfpv3 -mfloat-abi=hard -I../../hello_bsp/ps7_cortexa9_0/include -MMD -MP -MF"src/helloworld.d" -MT"src/helloworld.o" -o "src/helloworld.o" "../src/helloworld.c"
../src/helloworld.c: In function 'main':
../src/helloworld.c:92:6: warning: variable 'status' set but not used [-Wunused-but-set-variable]
  int status;
      ^~~~~~
../src/helloworld.c:90:6: warning: variable 'note' set but not used [-Wunused-but-set-variable]
  int note;
      ^~~~
../src/helloworld.c:88:54: warning: unused variable 'sumcount' [-Wunused-variable]
  u32 i, j, freq, upDown, addr, temp[10], sum1, sum2, sumcount = 0;
                                                      ^~~~~~~~
../src/helloworld.c:88:48: warning: unused variable 'sum2' [-Wunused-variable]
  u32 i, j, freq, upDown, addr, temp[10], sum1, sum2, sumcount = 0;
                                                ^~~~
../src/helloworld.c:88:42: warning: unused variable 'sum1' [-Wunused-variable]
  u32 i, j, freq, upDown, addr, temp[10], sum1, sum2, sumcount = 0;
                                          ^~~~
../src/helloworld.c:88:32: warning: unused variable 'temp' [-Wunused-variable]
  u32 i, j, freq, upDown, addr, temp[10], sum1, sum2, sumcount = 0;
                                ^~~~
../src/helloworld.c:88:26: warning: unused variable 'addr' [-Wunused-variable]
  u32 i, j, freq, upDown, addr, temp[10], sum1, sum2, sumcount = 0;
                          ^~~~
../src/helloworld.c:88:18: warning: variable 'upDown' set but not used [-Wunused-but-set-variable]
  u32 i, j, freq, upDown, addr, temp[10], sum1, sum2, sumcount = 0;
                  ^~~~~~
../src/helloworld.c:88:9: warning: unused variable 'j' [-Wunused-variable]
  u32 i, j, freq, upDown, addr, temp[10], sum1, sum2, sumcount = 0;
         ^
'Finished building: ../src/helloworld.c'
' '
'Building target: hello.elf'
'Invoking: ARM v7 gcc linker'
arm-none-eabi-gcc -mcpu=cortex-a9 -mfpu=vfpv3 -mfloat-abi=hard -Wl,-build-id=none -specs=Xilinx.spec -Wl,-T -Wl,../src/lscript.ld -L../../hello_bsp/ps7_cortexa9_0/lib -o "hello.elf"  ./src/fingering.o ./src/helloworld.o ./src/platform.o   -lm -Wl,--start-group,-lxil,-lgcc,-lc,--end-group
'Finished building target: hello.elf'
' '
'Invoking: ARM v7 Print Size'
arm-none-eabi-size hello.elf  |tee "hello.elf.size"
   text	   data	    bss	    dec	    hex	filename
  87228	   2636	520024976	520114840	1f005298	hello.elf
'Finished building: hello.elf.size'
' '
21:34:14 **** Incremental Build of configuration Debug for project hello ****
make pre-build main-build 
a9-linaro-pre-build-step
' '
'Building file: ../src/helloworld.c'
'Invoking: ARM v7 gcc compiler'
arm-none-eabi-gcc -Wall -O0 -g3 -c -fmessage-length=0 -MT"src/helloworld.o" -mcpu=cortex-a9 -mfpu=vfpv3 -mfloat-abi=hard -I../../hello_bsp/ps7_cortexa9_0/include -MMD -MP -MF"src/helloworld.d" -MT"src/helloworld.o" -o "src/helloworld.o" "../src/helloworld.c"
../src/helloworld.c: In function 'main':
../src/helloworld.c:92:6: warning: variable 'status' set but not used [-Wunused-but-set-variable]
  int status;
      ^~~~~~
../src/helloworld.c:90:6: warning: variable 'note' set but not used [-Wunused-but-set-variable]
  int note;
      ^~~~
../src/helloworld.c:88:54: warning: unused variable 'sumcount' [-Wunused-variable]
  u32 i, j, freq, upDown, addr, temp[10], sum1, sum2, sumcount = 0;
                                                      ^~~~~~~~
../src/helloworld.c:88:48: warning: unused variable 'sum2' [-Wunused-variable]
  u32 i, j, freq, upDown, addr, temp[10], sum1, sum2, sumcount = 0;
                                                ^~~~
../src/helloworld.c:88:42: warning: unused variable 'sum1' [-Wunused-variable]
  u32 i, j, freq, upDown, addr, temp[10], sum1, sum2, sumcount = 0;
                                          ^~~~
../src/helloworld.c:88:32: warning: unused variable 'temp' [-Wunused-variable]
  u32 i, j, freq, upDown, addr, temp[10], sum1, sum2, sumcount = 0;
                                ^~~~
../src/helloworld.c:88:26: warning: unused variable 'addr' [-Wunused-variable]
  u32 i, j, freq, upDown, addr, temp[10], sum1, sum2, sumcount = 0;
                          ^~~~
../src/helloworld.c:88:18: warning: variable 'upDown' set but not used [-Wunused-but-set-variable]
  u32 i, j, freq, upDown, addr, temp[10], sum1, sum2, sumcount = 0;
                  ^~~~~~
../src/helloworld.c:88:9: warning: unused variable 'j' [-Wunused-variable]
  u32 i, j, freq, upDown, addr, temp[10], sum1, sum2, sumcount = 0;
         ^
'Finished building: ../src/helloworld.c'
' '
'Building target: hello.elf'
'Invoking: ARM v7 gcc linker'
arm-none-eabi-gcc -mcpu=cortex-a9 -mfpu=vfpv3 -mfloat-abi=hard -Wl,-build-id=none -specs=Xilinx.spec -Wl,-T -Wl,../src/lscript.ld -L../../hello_bsp/ps7_cortexa9_0/lib -o "hello.elf"  ./src/fingering.o ./src/helloworld.o ./src/platform.o   -lm -Wl,--start-group,-lxil,-lgcc,-lc,--end-group
'Finished building target: hello.elf'
' '
'Invoking: ARM v7 Print Size'
arm-none-eabi-size hello.elf  |tee "hello.elf.size"
   text	   data	    bss	    dec	    hex	filename
  87228	   2636	520024976	520114840	1f005298	hello.elf
'Finished building: hello.elf.size'
' '
21:38:40 **** Incremental Build of configuration Debug for project hello ****
make pre-build main-build 
a9-linaro-pre-build-step
' '
'Building file: ../src/helloworld.c'
'Invoking: ARM v7 gcc compiler'
arm-none-eabi-gcc -Wall -O0 -g3 -c -fmessage-length=0 -MT"src/helloworld.o" -mcpu=cortex-a9 -mfpu=vfpv3 -mfloat-abi=hard -I../../hello_bsp/ps7_cortexa9_0/include -MMD -MP -MF"src/helloworld.d" -MT"src/helloworld.o" -o "src/helloworld.o" "../src/helloworld.c"
../src/helloworld.c: In function 'main':
../src/helloworld.c:92:6: warning: variable 'status' set but not used [-Wunused-but-set-variable]
  int status;
      ^~~~~~
../src/helloworld.c:90:6: warning: variable 'note' set but not used [-Wunused-but-set-variable]
  int note;
      ^~~~
../src/helloworld.c:88:54: warning: unused variable 'sumcount' [-Wunused-variable]
  u32 i, j, freq, upDown, addr, temp[10], sum1, sum2, sumcount = 0;
                                                      ^~~~~~~~
../src/helloworld.c:88:48: warning: unused variable 'sum2' [-Wunused-variable]
  u32 i, j, freq, upDown, addr, temp[10], sum1, sum2, sumcount = 0;
                                                ^~~~
../src/helloworld.c:88:42: warning: unused variable 'sum1' [-Wunused-variable]
  u32 i, j, freq, upDown, addr, temp[10], sum1, sum2, sumcount = 0;
                                          ^~~~
../src/helloworld.c:88:32: warning: unused variable 'temp' [-Wunused-variable]
  u32 i, j, freq, upDown, addr, temp[10], sum1, sum2, sumcount = 0;
                                ^~~~
../src/helloworld.c:88:26: warning: unused variable 'addr' [-Wunused-variable]
  u32 i, j, freq, upDown, addr, temp[10], sum1, sum2, sumcount = 0;
                          ^~~~
../src/helloworld.c:88:18: warning: variable 'upDown' set but not used [-Wunused-but-set-variable]
  u32 i, j, freq, upDown, addr, temp[10], sum1, sum2, sumcount = 0;
                  ^~~~~~
../src/helloworld.c:88:9: warning: unused variable 'j' [-Wunused-variable]
  u32 i, j, freq, upDown, addr, temp[10], sum1, sum2, sumcount = 0;
         ^
'Finished building: ../src/helloworld.c'
' '
'Building target: hello.elf'
'Invoking: ARM v7 gcc linker'
arm-none-eabi-gcc -mcpu=cortex-a9 -mfpu=vfpv3 -mfloat-abi=hard -Wl,-build-id=none -specs=Xilinx.spec -Wl,-T -Wl,../src/lscript.ld -L../../hello_bsp/ps7_cortexa9_0/lib -o "hello.elf"  ./src/fingering.o ./src/helloworld.o ./src/platform.o   -lm -Wl,--start-group,-lxil,-lgcc,-lc,--end-group
'Finished building target: hello.elf'
' '
'Invoking: ARM v7 Print Size'
arm-none-eabi-size hello.elf  |tee "hello.elf.size"
   text	   data	    bss	    dec	    hex	filename
  87228	   2636	520024976	520114840	1f005298	hello.elf
'Finished building: hello.elf.size'
' '
21:51:04 **** Incremental Build of configuration Debug for project hello ****
make pre-build main-build 
a9-linaro-pre-build-step
' '
'Building file: ../src/helloworld.c'
'Invoking: ARM v7 gcc compiler'
arm-none-eabi-gcc -Wall -O0 -g3 -c -fmessage-length=0 -MT"src/helloworld.o" -mcpu=cortex-a9 -mfpu=vfpv3 -mfloat-abi=hard -I../../hello_bsp/ps7_cortexa9_0/include -MMD -MP -MF"src/helloworld.d" -MT"src/helloworld.o" -o "src/helloworld.o" "../src/helloworld.c"
../src/helloworld.c: In function 'main':
../src/helloworld.c:92:6: warning: variable 'status' set but not used [-Wunused-but-set-variable]
  int status;
      ^~~~~~
../src/helloworld.c:90:6: warning: variable 'note' set but not used [-Wunused-but-set-variable]
  int note;
      ^~~~
../src/helloworld.c:88:54: warning: unused variable 'sumcount' [-Wunused-variable]
  u32 i, j, freq, upDown, addr, temp[10], sum1, sum2, sumcount = 0;
                                                      ^~~~~~~~
../src/helloworld.c:88:48: warning: unused variable 'sum2' [-Wunused-variable]
  u32 i, j, freq, upDown, addr, temp[10], sum1, sum2, sumcount = 0;
                                                ^~~~
../src/helloworld.c:88:42: warning: unused variable 'sum1' [-Wunused-variable]
  u32 i, j, freq, upDown, addr, temp[10], sum1, sum2, sumcount = 0;
                                          ^~~~
../src/helloworld.c:88:32: warning: unused variable 'temp' [-Wunused-variable]
  u32 i, j, freq, upDown, addr, temp[10], sum1, sum2, sumcount = 0;
                                ^~~~
../src/helloworld.c:88:26: warning: unused variable 'addr' [-Wunused-variable]
  u32 i, j, freq, upDown, addr, temp[10], sum1, sum2, sumcount = 0;
                          ^~~~
../src/helloworld.c:88:18: warning: variable 'upDown' set but not used [-Wunused-but-set-variable]
  u32 i, j, freq, upDown, addr, temp[10], sum1, sum2, sumcount = 0;
                  ^~~~~~
../src/helloworld.c:88:9: warning: unused variable 'j' [-Wunused-variable]
  u32 i, j, freq, upDown, addr, temp[10], sum1, sum2, sumcount = 0;
         ^
'Finished building: ../src/helloworld.c'
' '
'Building target: hello.elf'
'Invoking: ARM v7 gcc linker'
arm-none-eabi-gcc -mcpu=cortex-a9 -mfpu=vfpv3 -mfloat-abi=hard -Wl,-build-id=none -specs=Xilinx.spec -Wl,-T -Wl,../src/lscript.ld -L../../hello_bsp/ps7_cortexa9_0/lib -o "hello.elf"  ./src/fingering.o ./src/helloworld.o ./src/platform.o   -lm -Wl,--start-group,-lxil,-lgcc,-lc,--end-group
'Finished building target: hello.elf'
' '
'Invoking: ARM v7 Print Size'
arm-none-eabi-size hello.elf  |tee "hello.elf.size"
   text	   data	    bss	    dec	    hex	filename
  87996	   2636	520024976	520115608	1f005598	hello.elf
'Finished building: hello.elf.size'
' '
21:53:21 **** Incremental Build of configuration Debug for project hello ****
make pre-build main-build 
a9-linaro-pre-build-step
' '
'Building file: ../src/helloworld.c'
'Invoking: ARM v7 gcc compiler'
arm-none-eabi-gcc -Wall -O0 -g3 -c -fmessage-length=0 -MT"src/helloworld.o" -mcpu=cortex-a9 -mfpu=vfpv3 -mfloat-abi=hard -I../../hello_bsp/ps7_cortexa9_0/include -MMD -MP -MF"src/helloworld.d" -MT"src/helloworld.o" -o "src/helloworld.o" "../src/helloworld.c"
../src/helloworld.c: In function 'main':
../src/helloworld.c:92:6: warning: variable 'status' set but not used [-Wunused-but-set-variable]
  int status;
      ^~~~~~
../src/helloworld.c:90:6: warning: variable 'note' set but not used [-Wunused-but-set-variable]
  int note;
      ^~~~
../src/helloworld.c:88:54: warning: unused variable 'sumcount' [-Wunused-variable]
  u32 i, j, freq, upDown, addr, temp[10], sum1, sum2, sumcount = 0;
                                                      ^~~~~~~~
../src/helloworld.c:88:48: warning: unused variable 'sum2' [-Wunused-variable]
  u32 i, j, freq, upDown, addr, temp[10], sum1, sum2, sumcount = 0;
                                                ^~~~
../src/helloworld.c:88:42: warning: unused variable 'sum1' [-Wunused-variable]
  u32 i, j, freq, upDown, addr, temp[10], sum1, sum2, sumcount = 0;
                                          ^~~~
../src/helloworld.c:88:32: warning: unused variable 'temp' [-Wunused-variable]
  u32 i, j, freq, upDown, addr, temp[10], sum1, sum2, sumcount = 0;
                                ^~~~
../src/helloworld.c:88:26: warning: unused variable 'addr' [-Wunused-variable]
  u32 i, j, freq, upDown, addr, temp[10], sum1, sum2, sumcount = 0;
                          ^~~~
../src/helloworld.c:88:18: warning: variable 'upDown' set but not used [-Wunused-but-set-variable]
  u32 i, j, freq, upDown, addr, temp[10], sum1, sum2, sumcount = 0;
                  ^~~~~~
../src/helloworld.c:88:9: warning: unused variable 'j' [-Wunused-variable]
  u32 i, j, freq, upDown, addr, temp[10], sum1, sum2, sumcount = 0;
         ^
'Finished building: ../src/helloworld.c'
' '
'Building target: hello.elf'
'Invoking: ARM v7 gcc linker'
arm-none-eabi-gcc -mcpu=cortex-a9 -mfpu=vfpv3 -mfloat-abi=hard -Wl,-build-id=none -specs=Xilinx.spec -Wl,-T -Wl,../src/lscript.ld -L../../hello_bsp/ps7_cortexa9_0/lib -o "hello.elf"  ./src/fingering.o ./src/helloworld.o ./src/platform.o   -lm -Wl,--start-group,-lxil,-lgcc,-lc,--end-group
'Finished building target: hello.elf'
' '
'Invoking: ARM v7 Print Size'
arm-none-eabi-size hello.elf  |tee "hello.elf.size"
   text	   data	    bss	    dec	    hex	filename
  88124	   2636	520024976	520115736	1f005618	hello.elf
'Finished building: hello.elf.size'
' '
